Archive member included to satisfy reference by file (symbol)

c:/program files (x86)/atmel/studio/7.0/toolchain/avr8/avr8-gnu-toolchain/bin/../lib/gcc/avr/5.4.0/../../../../avr/lib/avrxmega6\libm.a(addsf3.o)
                              Drivers/DriverUSART.o (__subsf3)
c:/program files (x86)/atmel/studio/7.0/toolchain/avr8/avr8-gnu-toolchain/bin/../lib/gcc/avr/5.4.0/../../../../avr/lib/avrxmega6\libm.a(addsf3x.o)
                              c:/program files (x86)/atmel/studio/7.0/toolchain/avr8/avr8-gnu-toolchain/bin/../lib/gcc/avr/5.4.0/../../../../avr/lib/avrxmega6\libm.a(addsf3.o) (__addsf3x)
c:/program files (x86)/atmel/studio/7.0/toolchain/avr8/avr8-gnu-toolchain/bin/../lib/gcc/avr/5.4.0/../../../../avr/lib/avrxmega6\libm.a(cmpsf2.o)
                              Drivers/DriverUSART.o (__ltsf2)
c:/program files (x86)/atmel/studio/7.0/toolchain/avr8/avr8-gnu-toolchain/bin/../lib/gcc/avr/5.4.0/../../../../avr/lib/avrxmega6\libm.a(divsf3.o)
                              Drivers/DriverUSART.o (__divsf3)
c:/program files (x86)/atmel/studio/7.0/toolchain/avr8/avr8-gnu-toolchain/bin/../lib/gcc/avr/5.4.0/../../../../avr/lib/avrxmega6\libm.a(divsf3x.o)
                              c:/program files (x86)/atmel/studio/7.0/toolchain/avr8/avr8-gnu-toolchain/bin/../lib/gcc/avr/5.4.0/../../../../avr/lib/avrxmega6\libm.a(divsf3.o) (__divsf3x)
c:/program files (x86)/atmel/studio/7.0/toolchain/avr8/avr8-gnu-toolchain/bin/../lib/gcc/avr/5.4.0/../../../../avr/lib/avrxmega6\libm.a(fixunssfsi.o)
                              Drivers/DriverUSART.o (__fixunssfsi)
c:/program files (x86)/atmel/studio/7.0/toolchain/avr8/avr8-gnu-toolchain/bin/../lib/gcc/avr/5.4.0/../../../../avr/lib/avrxmega6\libm.a(floatsisf.o)
                              Drivers/DriverUSART.o (__floatunsisf)
c:/program files (x86)/atmel/studio/7.0/toolchain/avr8/avr8-gnu-toolchain/bin/../lib/gcc/avr/5.4.0/../../../../avr/lib/avrxmega6\libm.a(fp_cmp.o)
                              c:/program files (x86)/atmel/studio/7.0/toolchain/avr8/avr8-gnu-toolchain/bin/../lib/gcc/avr/5.4.0/../../../../avr/lib/avrxmega6\libm.a(cmpsf2.o) (__fp_cmp)
c:/program files (x86)/atmel/studio/7.0/toolchain/avr8/avr8-gnu-toolchain/bin/../lib/gcc/avr/5.4.0/../../../../avr/lib/avrxmega6\libm.a(fp_inf.o)
                              c:/program files (x86)/atmel/studio/7.0/toolchain/avr8/avr8-gnu-toolchain/bin/../lib/gcc/avr/5.4.0/../../../../avr/lib/avrxmega6\libm.a(addsf3x.o) (__fp_inf)
c:/program files (x86)/atmel/studio/7.0/toolchain/avr8/avr8-gnu-toolchain/bin/../lib/gcc/avr/5.4.0/../../../../avr/lib/avrxmega6\libm.a(fp_nan.o)
                              c:/program files (x86)/atmel/studio/7.0/toolchain/avr8/avr8-gnu-toolchain/bin/../lib/gcc/avr/5.4.0/../../../../avr/lib/avrxmega6\libm.a(addsf3x.o) (__fp_nan)
c:/program files (x86)/atmel/studio/7.0/toolchain/avr8/avr8-gnu-toolchain/bin/../lib/gcc/avr/5.4.0/../../../../avr/lib/avrxmega6\libm.a(fp_pscA.o)
                              c:/program files (x86)/atmel/studio/7.0/toolchain/avr8/avr8-gnu-toolchain/bin/../lib/gcc/avr/5.4.0/../../../../avr/lib/avrxmega6\libm.a(addsf3x.o) (__fp_pscA)
c:/program files (x86)/atmel/studio/7.0/toolchain/avr8/avr8-gnu-toolchain/bin/../lib/gcc/avr/5.4.0/../../../../avr/lib/avrxmega6\libm.a(fp_pscB.o)
                              c:/program files (x86)/atmel/studio/7.0/toolchain/avr8/avr8-gnu-toolchain/bin/../lib/gcc/avr/5.4.0/../../../../avr/lib/avrxmega6\libm.a(addsf3x.o) (__fp_pscB)
c:/program files (x86)/atmel/studio/7.0/toolchain/avr8/avr8-gnu-toolchain/bin/../lib/gcc/avr/5.4.0/../../../../avr/lib/avrxmega6\libm.a(fp_round.o)
                              c:/program files (x86)/atmel/studio/7.0/toolchain/avr8/avr8-gnu-toolchain/bin/../lib/gcc/avr/5.4.0/../../../../avr/lib/avrxmega6\libm.a(addsf3.o) (__fp_round)
c:/program files (x86)/atmel/studio/7.0/toolchain/avr8/avr8-gnu-toolchain/bin/../lib/gcc/avr/5.4.0/../../../../avr/lib/avrxmega6\libm.a(fp_split3.o)
                              c:/program files (x86)/atmel/studio/7.0/toolchain/avr8/avr8-gnu-toolchain/bin/../lib/gcc/avr/5.4.0/../../../../avr/lib/avrxmega6\libm.a(addsf3x.o) (__fp_split3)
c:/program files (x86)/atmel/studio/7.0/toolchain/avr8/avr8-gnu-toolchain/bin/../lib/gcc/avr/5.4.0/../../../../avr/lib/avrxmega6\libm.a(fp_zero.o)
                              c:/program files (x86)/atmel/studio/7.0/toolchain/avr8/avr8-gnu-toolchain/bin/../lib/gcc/avr/5.4.0/../../../../avr/lib/avrxmega6\libm.a(addsf3x.o) (__fp_zero)
c:/program files (x86)/atmel/studio/7.0/toolchain/avr8/avr8-gnu-toolchain/bin/../lib/gcc/avr/5.4.0/../../../../avr/lib/avrxmega6\libm.a(gesf2.o)
                              Drivers/DriverUSART.o (__gtsf2)
c:/program files (x86)/atmel/studio/7.0/toolchain/avr8/avr8-gnu-toolchain/bin/../lib/gcc/avr/5.4.0/../../../../avr/lib/avrxmega6\libm.a(mulsf3.o)
                              Drivers/DriverUSART.o (__mulsf3)
[...]
Memory Configuration

Name             Origin             Length             Attributes
text             0x00000000         0x00100000         xr
data             0x00802000         0x0000ffa0         rw !x
eeprom           0x00810000         0x00010000         rw !x
fuse             0x00820000         0x00000006         rw !x
lock             0x00830000         0x00000400         rw !x
signature        0x00840000         0x00000400         rw !x
user_signatures  0x00850000         0x00000400         rw !x
*default*        0x00000000         0xffffffff

Linker script and memory map

LOAD C:/Program Files (x86)/Atmel/Studio/7.0/Packs/atmel/XMEGAC_DFP/1.1.50/gcc/dev/atxmega384c3/avrxmega6/crtatxmega384c3.o
LOAD Drivers/Drivepl9823Bitbang.o
LOAD Drivers/DriverAdc.o
LOAD Drivers/DriverAdps9960.o
LOAD Drivers/DriverCursorstick.o
LOAD Drivers/DriverDbgUSART.o
LOAD Drivers/DriverLed.o
LOAD Drivers/DriverMotor.o
LOAD DriverMPU6050.o
LOAD Drivers/DriverOled.o
LOAD Drivers/Driverpl9823Bitbang.o
LOAD Drivers/DriverPower.o
LOAD Drivers/DriverSysClk.o
LOAD Drivers/DriverTWIMaster.o
LOAD Drivers/DriverUSART.o
LOAD heap_2.o
LOAD list.o
LOAD port.o
LOAD queue.o
LOAD tasks.o
LOAD timers.o
LOAD hooks.o
LOAD main.o
LOAD memmap.o
LOAD TerminalTask.o
START GROUP
LOAD c:/program files (x86)/atmel/studio/7.0/toolchain/avr8/avr8-gnu-toolchain/bin/../lib/gcc/avr/5.4.0/../../../../avr/lib/avrxmega6\libm.a
LOAD ../Drivers\libDriverPower.a
LOAD c:/program files (x86)/atmel/studio/7.0/toolchain/avr8/avr8-gnu-toolchain/bin/../lib/gcc/avr/5.4.0/../../../../avr/lib/avrxmega6\libprintf_flt.a
END GROUP
START GROUP
LOAD c:/program files (x86)/atmel/studio/7.0/toolchain/avr8/avr8-gnu-toolchain/bin/../lib/gcc/avr/5.4.0/avrxmega6\libgcc.a
LOAD c:/program files (x86)/atmel/studio/7.0/toolchain/avr8/avr8-gnu-toolchain/bin/../lib/gcc/avr/5.4.0/../../../../avr/lib/avrxmega6\libm.a
LOAD c:/program files (x86)/atmel/studio/7.0/toolchain/avr8/avr8-gnu-toolchain/bin/../lib/gcc/avr/5.4.0/../../../../avr/lib/avrxmega6\libc.a
LOAD C:/Program Files (x86)/Atmel/Studio/7.0/Packs/atmel/XMEGAC_DFP/1.1.50/gcc/dev/atxmega384c3/avrxmega6\libatxmega384c3.a
END GROUP
                0x00000000                __TEXT_REGION_ORIGIN__ = DEFINED (__TEXT_REGION_ORIGIN__)?__TEXT_REGION_ORIGIN__:0x0
                0x00802000                __DATA_REGION_ORIGIN__ = DEFINED (__DATA_REGION_ORIGIN__)?__DATA_REGION_ORIGIN__:0x802000
                0x00100000                __TEXT_REGION_LENGTH__ = DEFINED (__TEXT_REGION_LENGTH__)?__TEXT_REGION_LENGTH__:0x100000
                0x0000ffa0                __DATA_REGION_LENGTH__ = DEFINED (__DATA_REGION_LENGTH__)?__DATA_REGION_LENGTH__:0xffa0
                0x00010000                __EEPROM_REGION_LENGTH__ = DEFINED (__EEPROM_REGION_LENGTH__)?__EEPROM_REGION_LENGTH__:0x10000
                [0x00000006]                __FUSE_REGION_LENGTH__ = DEFINED (__FUSE_REGION_LENGTH__)?__FUSE_REGION_LENGTH__:0x400
                0x00000400                __LOCK_REGION_LENGTH__ = DEFINED (__LOCK_REGION_LENGTH__)?__LOCK_REGION_LENGTH__:0x400
                0x00000400                __SIGNATURE_REGION_LENGTH__ = DEFINED (__SIGNATURE_REGION_LENGTH__)?__SIGNATURE_REGION_LENGTH__:0x400
                0x00000400                __USER_SIGNATURE_REGION_LENGTH__ = DEFINED (__USER_SIGNATURE_REGION_LENGTH__)?__USER_SIGNATURE_REGION_LENGTH__:0x400

.hash
 *(.hash)

.dynsym
 *(.dynsym)

.dynstr
 *(.dynstr)

.gnu.version
 *(.gnu.version)

.gnu.version_d
 *(.gnu.version_d)

.gnu.version_r
 *(.gnu.version_r)

.rel.init
 *(.rel.init)

.rela.init
 *(.rela.init)

.rel.text
 *(.rel.text)
 *(.rel.text.*)
 *(.rel.gnu.linkonce.t*)

.rela.text
 *(.rela.text)
 *(.rela.text.*)
 *(.rela.gnu.linkonce.t*)

.rel.fini
 *(.rel.fini)

.rela.fini
 *(.rela.fini)

.rel.rodata
 *(.rel.rodata)
 *(.rel.rodata.*)
 *(.rel.gnu.linkonce.r*)

.rela.rodata
 *(.rela.rodata)
 *(.rela.rodata.*)
 *(.rela.gnu.linkonce.r*)

.rel.data
 *(.rel.data)
 *(.rel.data.*)
 *(.rel.gnu.linkonce.d*)

.rela.data
 *(.rela.data)
 *(.rela.data.*)
 *(.rela.gnu.linkonce.d*)

.rel.ctors
 *(.rel.ctors)

.rela.ctors
 *(.rela.ctors)

.rel.dtors
 *(.rel.dtors)

.rela.dtors
 *(.rela.dtors)

.rel.got
 *(.rel.got)

.rela.got
 *(.rela.got)

.rel.bss
 *(.rel.bss)

.rela.bss
 *(.rela.bss)

.rel.plt
 *(.rel.plt)

.rela.plt
 *(.rela.plt)

.text           0x00000000     0x5c8c
 *(.vectors)
 .vectors       0x00000000      0x1fc C:/Program Files (x86)/Atmel/Studio/7.0/Packs/atmel/XMEGAC_DFP/1.1.50/gcc/dev/atxmega384c3/avrxmega6/crtatxmega384c3.o
                0x00000000                __vector_default
                0x00000000                __vectors
 *(.vectors)
 *(.progmem.gcc*)
 .progmem.gcc_fplib
                0x000001fc       0x28 c:/program files (x86)/atmel/studio/7.0/toolchain/avr8/avr8-gnu-toolchain/bin/../lib/gcc/avr/5.4.0/../../../../avr/lib/avrxmega6\libm.a(exp.o)
 .progmem.gcc_fplib
                0x00000224       0x5a c:/program files (x86)/atmel/studio/7.0/toolchain/avr8/avr8-gnu-toolchain/bin/../lib/gcc/avr/5.4.0/../../../../avr/lib/avrxmega6\libm.a(log.o)
                0x0000027e                . = ALIGN (0x2)
                0x0000027e                __trampolines_start = .
 *(.trampolines)
 .trampolines   0x0000027e       0x14 linker stubs
 *(.trampolines*)
                0x00000292                __trampolines_end = .
 *libprintf_flt.a:*(.progmem.data)
 .progmem.data  0x00000292        0x8 c:/program files (x86)/atmel/studio/7.0/toolchain/avr8/avr8-gnu-toolchain/bin/../lib/gcc/avr/5.4.0/../../../../avr/lib/avrxmega6\libprintf_flt.a(vfprintf_flt.o)
 *libc.a:*(.progmem.data)
 .progmem.data  0x0000029a       0xfa c:/program files (x86)/atmel/studio/7.0/toolchain/avr8/avr8-gnu-toolchain/bin/../lib/gcc/avr/5.4.0/../../../../avr/lib/avrxmega6\libc.a(ftoa_engine.o)
 *(.progmem*)
                0x00000394                . = ALIGN (0x2)
 *(.jumptables)
 *(.jumptables*)
 *(.lowtext)
 *(.lowtext*)
                0x00000394                __ctors_start = .
 *(.ctors)
                0x00000394                __ctors_end = .
                0x00000394                __dtors_start = .
 *(.dtors)
                0x00000394                __dtors_end = .
 SORT(*)(.ctors)
 SORT(*)(.dtors)
 *(.init0)
 .init0         0x00000394        0x0 C:/Program Files (x86)/Atmel/Studio/7.0/Packs/atmel/XMEGAC_DFP/1.1.50/gcc/dev/atxmega384c3/avrxmega6/crtatxmega384c3.o
                0x00000394                __init
 *(.init0)
 *(.init1)
 *(.init1)
 *(.init2)
 .init2         0x00000394       0x10 C:/Program Files (x86)/Atmel/Studio/7.0/Packs/atmel/XMEGAC_DFP/1.1.50/gcc/dev/atxmega384c3/avrxmega6/crtatxmega384c3.o
 *(.init2)
 *(.init3)
 *(.init3)
 *(.init4)
 .init4         0x000003a4       0x1a c:/program files (x86)/atmel/studio/7.0/toolchain/avr8/avr8-gnu-toolchain/bin/../lib/gcc/avr/5.4.0/avrxmega6\libgcc.a(_copy_data.o)
                0x000003a4                __do_copy_data
 .init4         0x000003be       0x10 c:/program files (x86)/atmel/studio/7.0/toolchain/avr8/avr8-gnu-toolchain/bin/../lib/gcc/avr/5.4.0/avrxmega6\libgcc.a(_clear_bss.o)
                0x000003be                __do_clear_bss
 *(.init4)
 *(.init5)
 *(.init5)
 *(.init6)
 *(.init6)
 *(.init7)
 *(.init7)
 *(.init8)
 *(.init8)
 *(.init9)
 .init9         0x000003ce        0x8 C:/Program Files (x86)/Atmel/Studio/7.0/Packs/atmel/XMEGAC_DFP/1.1.50/gcc/dev/atxmega384c3/avrxmega6/crtatxmega384c3.o
 *(.init9)
 *(.text)
 .text          0x000003d6        0x4 C:/Program Files (x86)/Atmel/Studio/7.0/Packs/atmel/XMEGAC_DFP/1.1.50/gcc/dev/atxmega384c3/avrxmega6/crtatxmega384c3.o
                0x000003d6                __vector_38
                0x000003d6                __vector_104
                0x000003d6                __vector_22
                0x000003d6                __vector_63
                0x000003d6                __vector_28
                0x000003d6                __vector_67
                0x000003d6                __vector_1
                0x000003d6                __vector_119
                0x000003d6                __vector_32
                0x000003d6                __vector_75
                0x000003d6                __vector_71
                0x000003d6                __vector_91
                0x000003d6                __vector_34
                0x000003d6                __vector_62
                0x000003d6                __vector_77
                0x000003d6                __vector_102
                0x000003d6                __vector_24
                0x000003d6                __vector_12
                0x000003d6                __vector_55
                0x000003d6                __vector_69
                0x000003d6                __vector_81
                0x000003d6                __vector_90
                0x000003d6                __bad_interrupt
                0x000003d6                __vector_122
                0x000003d6                __vector_72
                0x000003d6                __vector_114
                0x000003d6                __vector_6
                0x000003d6                __vector_110
                0x000003d6                __vector_31
                0x000003d6                __vector_92
                0x000003d6                __vector_35
                0x000003d6                __vector_78
                0x000003d6                __vector_74
                0x000003d6                __vector_117
                0x000003d6                __vector_39
                0x000003d6                __vector_107
                0x000003d6                __vector_105
                0x000003d6                __vector_98
                0x000003d6                __vector_23
                0x000003d6                __vector_68
                0x000003d6                __vector_30
                0x000003d6                __vector_73
                0x000003d6                __vector_45
                0x000003d6                __vector_25
                0x000003d6                __vector_93
                0x000003d6                __vector_61
                0x000003d6                __vector_11
                0x000003d6                __vector_54
                0x000003d6                __vector_99
                0x000003d6                __vector_13
                0x000003d6                __vector_17
                0x000003d6                __vector_19
                0x000003d6                __vector_56
                0x000003d6                __vector_7
                0x000003d6                __vector_125
                0x000003d6                __vector_49
                0x000003d6                __vector_123
                0x000003d6                __vector_41
                0x000003d6                __vector_86
                0x000003d6                __vector_100
                0x000003d6                __vector_101
                0x000003d6                __vector_64
                0x000003d6                __vector_88
                0x000003d6                __vector_109
                0x000003d6                __vector_27
                0x000003d6                __vector_5
                0x000003d6                __vector_113
                0x000003d6                __vector_33
                0x000003d6                __vector_76
                0x000003d6                __vector_115
                0x000003d6                __vector_47
                0x000003d6                __vector_52
                0x000003d6                __vector_37
                0x000003d6                __vector_95
                0x000003d6                __vector_103
                0x000003d6                __vector_96
                0x000003d6                __vector_89
                0x000003d6                __vector_108
                0x000003d6                __vector_4
                0x000003d6                __vector_82
                0x000003d6                __vector_106
                0x000003d6                __vector_118
                0x000003d6                __vector_51
                0x000003d6                __vector_9
                0x000003d6                __vector_21
                0x000003d6                __vector_15
                0x000003d6                __vector_66
                0x000003d6                __vector_36
                0x000003d6                __vector_79
                0x000003d6                __vector_58
                0x000003d6                __vector_70
                0x000003d6                __vector_83
                0x000003d6                __vector_29
                0x000003d6                __vector_60
                0x000003d6                __vector_121
                0x000003d6                __vector_40
                0x000003d6                __vector_85
                0x000003d6                __vector_94
                0x000003d6                __vector_126
                0x000003d6                __vector_8
                0x000003d6                __vector_26
                0x000003d6                __vector_48
                0x000003d6                __vector_124
                0x000003d6                __vector_116
                0x000003d6                __vector_112
                0x000003d6                __vector_111
                0x000003d6                __vector_80
                0x000003d6                __vector_84
                0x000003d6                __vector_57
                0x000003d6                __vector_53
                0x000003d6                __vector_10
                0x000003d6                __vector_50
                0x000003d6                __vector_59
                0x000003d6                __vector_18
                0x000003d6                __vector_97
                0x000003d6                __vector_20
                0x000003d6                __vector_42
                0x000003d6                __vector_87
                0x000003d6                __vector_65
                0x000003d6                __vector_120
                0x000003da                . = ALIGN (0x2)
 *(.text.*)
 .text.DriverAdcInit
                0x000003da       0x10 Drivers/DriverAdc.o
                0x000003da                DriverAdcInit
 .text.DriverCursorstickInit
                0x000003ea       0x4c Drivers/DriverCursorstick.o
                0x000003ea                DriverCursorstickInit
 .text.DbgPrint
                0x00000436       0x28 Drivers/DriverDbgUSART.o
                0x00000436                DbgPrint
 .text.DbgPrintn
                0x0000045e       0x9e Drivers/DriverDbgUSART.o
                0x0000045e                DbgPrintn
 .text.DbgPrintInt
                0x000004fc      0x124 Drivers/DriverDbgUSART.o
                0x000004fc                DbgPrintInt
 .text.DriverLedInit
                0x00000620       0x4c Drivers/DriverLed.o
                0x00000620                DriverLedInit
 .text.__vector_2
                0x0000066c       0xba Drivers/DriverMotor.o
                0x0000066c                __vector_2
 .text.__vector_3
                0x00000726       0xc2 Drivers/DriverMotor.o
                0x00000726                __vector_3
 .text.__vector_43
                0x000007e8       0xca Drivers/DriverMotor.o
                0x000007e8                __vector_43
 .text.__vector_44
                0x000008b2       0xca Drivers/DriverMotor.o
                0x000008b2                __vector_44
 .text.DriverPowerInit
                0x0000097c       0x1a Drivers/DriverPower.o
                0x0000097c                DriverPowerInit
 .text.DriverPowerVccAuxSet
                0x00000996       0x32 Drivers/DriverPower.o
                0x00000996                DriverPowerVccAuxSet
 .text.DriverSysClkXtalInit
                0x000009c8       0x36 Drivers/DriverSysClk.o
                0x000009c8                DriverSysClkXtalInit
 .text.DriverTWIMInit
                0x000009fe       0x46 Drivers/DriverTWIMaster.o
                0x000009fe                DriverTWIMInit
 .text.TWIMArbitrationLostBusErrorHandler
                0x00000a44       0x4a Drivers/DriverTWIMaster.o
                0x00000a44                TWIMArbitrationLostBusErrorHandler
 .text.TWIMWriteHandler
                0x00000a8e       0xb8 Drivers/DriverTWIMaster.o
                0x00000a8e                TWIMWriteHandler
 .text.TWIMReadHandler
                0x00000b46       0x8c Drivers/DriverTWIMaster.o
                0x00000b46                TWIMReadHandler
 .text.TWIMTransactionFinished
                0x00000bd2       0x20 Drivers/DriverTWIMaster.o
                0x00000bd2                TWIMTransactionFinished
 .text.__vector_46
                0x00000bf2       0xbc Drivers/DriverTWIMaster.o
                0x00000bf2                __vector_46
 .text.DriverUSARTInit
                0x00000cae       0x9c Drivers/DriverUSART.o
                0x00000cae                DriverUSARTInit
 .text.calculate_baud
                0x00000d4a      0x3cc Drivers/DriverUSART.o
                0x00000d4a                calculate_baud
 .text.stdio_putchar
                0x00001116       0x4a Drivers/DriverUSART.o
 .text.stdio_getchar
                0x00001160       0x34 Drivers/DriverUSART.o
 .text.pvPortMalloc
                0x00001194      0x1de heap_2.o
                0x00001194                pvPortMalloc
 .text.vPortFree
                0x00001372       0xd8 heap_2.o
                0x00001372                vPortFree
 .text.xPortGetFreeHeapSize
                0x0000144a       0x16 heap_2.o
                0x0000144a                xPortGetFreeHeapSize
 .text.prvHeapInit
                0x00001460       0x74 heap_2.o
 .text.vListInitialise
                0x000014d4       0x6e list.o
                0x000014d4                vListInitialise
 .text.vListInitialiseItem
                0x00001542       0x26 list.o
                0x00001542                vListInitialiseItem
 .text.vListInsertEnd
                0x00001568       0x96 list.o
                0x00001568                vListInsertEnd
 .text.vListInsert
                0x000015fe       0xe4 list.o
                0x000015fe                vListInsert
 .text.uxListRemove
                0x000016e2       0xac list.o
                0x000016e2                uxListRemove
 .text.pxPortInitialiseStack
                0x0000178e      0x366 port.o
                0x0000178e                pxPortInitialiseStack
 .text.xPortStartScheduler
                0x00001af4       0x6a port.o
                0x00001af4                xPortStartScheduler
 .text.vPortYield
                0x00001b5e       0xb4 port.o
                0x00001b5e                vPortYield
 .text.prvSetupTimerInterrupt
                0x00001c12       0x54 port.o
 .text.__vector_14
                0x00001c66       0xf0 port.o
                0x00001c66                __vector_14
 .text.vConfigureTimerForRunTimeStats
                0x00001d56       0x10 port.o
                0x00001d56                vConfigureTimerForRunTimeStats
 .text.__vector_16
                0x00001d66       0xc2 port.o
                0x00001d66                __vector_16
 .text.xTaskCreate
                0x00001e28       0xee tasks.o
                0x00001e28                xTaskCreate
 .text.prvInitialiseNewTask
                0x00001f16      0x1ce tasks.o
 .text.prvAddNewTaskToReadyList
                0x000020e4      0x10a tasks.o
 .text.vTaskDelay
                0x000021ee       0x58 tasks.o
                0x000021ee                vTaskDelay
 .text.eTaskGetState
                0x00002246       0xf6 tasks.o
                0x00002246                eTaskGetState
 .text.vTaskSuspend
                0x0000233c       0xec tasks.o
                0x0000233c                vTaskSuspend
 .text.vTaskStartScheduler
                0x00002428       0x82 tasks.o
                0x00002428                vTaskStartScheduler
 .text.vTaskSuspendAll
                0x000024aa       0x1a tasks.o
                0x000024aa                vTaskSuspendAll
 .text.xTaskResumeAll
                0x000024c4      0x140 tasks.o
                0x000024c4                xTaskResumeAll
 .text.uxTaskGetSystemState
                0x00002604      0x188 tasks.o
                0x00002604                uxTaskGetSystemState
 .text.xTaskIncrementTick
                0x0000278c      0x1ea tasks.o
                0x0000278c                xTaskIncrementTick
 .text.vTaskSwitchContext
                0x00002976      0x2b4 tasks.o
                0x00002976                vTaskSwitchContext
 .text.prvIdleTask
                0x00002c2a       0x26 tasks.o
 .text.prvInitialiseTaskLists
                0x00002c50       0x84 tasks.o
 .text.prvCheckTasksWaitingTermination
                0x00002cd4       0x64 tasks.o
 .text.vTaskGetInfo
                0x00002d38      0x156 tasks.o
                0x00002d38                vTaskGetInfo
 .text.prvListTasksWithinSingleList
                0x00002e8e      0x140 tasks.o
 .text.prvTaskCheckFreeStackSpace
                0x00002fce       0x56 tasks.o
 .text.prvDeleteTCB
                0x00003024       0x32 tasks.o
 .text.prvResetNextTaskUnblockTime
                0x00003056       0x60 tasks.o
 .text.prvAddCurrentTaskToDelayedList
                0x000030b6       0xe8 tasks.o
 .text.vApplicationIdleHook
                0x0000319e       0x10 hooks.o
                0x0000319e                vApplicationIdleHook
 .text.vApplicationMallocFailedHook
                0x000031ae      0x200 hooks.o
                0x000031ae                vApplicationMallocFailedHook
 .text.vApplicationStackOverflowHook
                0x000033ae      0x21c hooks.o
                0x000033ae                vApplicationStackOverflowHook
 .text.vAssertCalled
                0x000035ca      0x22c hooks.o
                0x000035ca                vAssertCalled
 .text.main     0x000037f6      0x156 main.o
                0x000037f6                main
 .text.cmpfunc  0x0000394c       0x76 memmap.o
                0x0000394c                cmpfunc
 .text.MemMap   0x000039c2      0x492 memmap.o
                0x000039c2                MemMap
 .text.InitTerminalTask
                0x00003e54       0x36 TerminalTask.o
                0x00003e54                InitTerminalTask
 .text.ParseInteger
                0x00003e8a       0xcc TerminalTask.o
 .text.WorkerTerminal
                0x00003f56      0x380 TerminalTask.o
 .text.avr-libc.fplib
                0x000042d6        0xe c:/program files (x86)/atmel/studio/7.0/toolchain/avr8/avr8-gnu-toolchain/bin/../lib/gcc/avr/5.4.0/../../../../avr/lib/avrxmega6\libm.a(addsf3.o)
                0x000042d6                __subsf3
                0x000042d8                __addsf3
 .text.avr-libc.fplib
                0x000042e4       0xcc c:/program files (x86)/atmel/studio/7.0/toolchain/avr8/avr8-gnu-toolchain/bin/../lib/gcc/avr/5.4.0/../../../../avr/lib/avrxmega6\libm.a(addsf3x.o)
                0x00004306                __addsf3x
 .text.avr-libc.fplib
                0x000043b0        0xa c:/program files (x86)/atmel/studio/7.0/toolchain/avr8/avr8-gnu-toolchain/bin/../lib/gcc/avr/5.4.0/../../../../avr/lib/avrxmega6\libm.a(cmpsf2.o)
                0x000043b0                __nesf2
                0x000043b0                __eqsf2
                0x000043b0                __cmpsf2
                0x000043b0                __ltsf2
                0x000043b0                __lesf2
 .text.avr-libc.fplib
                0x000043ba        0x8 c:/program files (x86)/atmel/studio/7.0/toolchain/avr8/avr8-gnu-toolchain/bin/../lib/gcc/avr/5.4.0/../../../../avr/lib/avrxmega6\libm.a(divsf3.o)
                0x000043ba                __divsf3
 .text.avr-libc.fplib
                0x000043c2       0xdc c:/program files (x86)/atmel/studio/7.0/toolchain/avr8/avr8-gnu-toolchain/bin/../lib/gcc/avr/5.4.0/../../../../avr/lib/avrxmega6\libm.a(divsf3x.o)
                0x000043e2                __divsf3x
                0x000043e8                __divsf3_pse
 .text.avr-libc.fplib
                0x0000449e       0x5e c:/program files (x86)/atmel/studio/7.0/toolchain/avr8/avr8-gnu-toolchain/bin/../lib/gcc/avr/5.4.0/../../../../avr/lib/avrxmega6\libm.a(fixunssfsi.o)
                0x0000449e                __fixunssfsi
 .text.avr-libc.fplib
                0x000044fc       0x7a c:/program files (x86)/atmel/studio/7.0/toolchain/avr8/avr8-gnu-toolchain/bin/../lib/gcc/avr/5.4.0/../../../../avr/lib/avrxmega6\libm.a(floatsisf.o)
                0x000044fc                __floatunsisf
                0x00004500                __floatsisf
 .text.avr-libc.fplib
                0x00004576       0x48 c:/program files (x86)/atmel/studio/7.0/toolchain/avr8/avr8-gnu-toolchain/bin/../lib/gcc/avr/5.4.0/../../../../avr/lib/avrxmega6\libm.a(fp_cmp.o)
                0x00004576                __fp_cmp
 .text.avr-libc.fplib
                0x000045be        0xc c:/program files (x86)/atmel/studio/7.0/toolchain/avr8/avr8-gnu-toolchain/bin/../lib/gcc/avr/5.4.0/../../../../avr/lib/avrxmega6\libm.a(fp_inf.o)
                0x000045be                __fp_inf
 .text.avr-libc.fplib
                0x000045ca        0x6 c:/program files (x86)/atmel/studio/7.0/toolchain/avr8/avr8-gnu-toolchain/bin/../lib/gcc/avr/5.4.0/../../../../avr/lib/avrxmega6\libm.a(fp_nan.o)
                0x000045ca                __fp_nan
 .text.avr-libc.fplib
                0x000045d0        0xe c:/program files (x86)/atmel/studio/7.0/toolchain/avr8/avr8-gnu-toolchain/bin/../lib/gcc/avr/5.4.0/../../../../avr/lib/avrxmega6\libm.a(fp_pscA.o)
                0x000045d0                __fp_pscA
 .text.avr-libc.fplib
                0x000045de        0xe c:/program files (x86)/atmel/studio/7.0/toolchain/avr8/avr8-gnu-toolchain/bin/../lib/gcc/avr/5.4.0/../../../../avr/lib/avrxmega6\libm.a(fp_pscB.o)
                0x000045de                __fp_pscB
 .text.avr-libc.fplib
                0x000045ec       0x22 c:/program files (x86)/atmel/studio/7.0/toolchain/avr8/avr8-gnu-toolchain/bin/../lib/gcc/avr/5.4.0/../../../../avr/lib/avrxmega6\libm.a(fp_round.o)
                0x000045ec                __fp_round
 .text.avr-libc.fplib
                0x0000460e       0x44 c:/program files (x86)/atmel/studio/7.0/toolchain/avr8/avr8-gnu-toolchain/bin/../lib/gcc/avr/5.4.0/../../../../avr/lib/avrxmega6\libm.a(fp_split3.o)
                0x0000460e                __fp_split3
                0x0000461e                __fp_splitA
 .text.avr-libc.fplib
                0x00004652        0xe c:/program files (x86)/atmel/studio/7.0/toolchain/avr8/avr8-gnu-toolchain/bin/../lib/gcc/avr/5.4.0/../../../../avr/lib/avrxmega6\libm.a(fp_zero.o)
                0x00004652                __fp_zero
                0x00004654                __fp_szero
 .text.avr-libc.fplib
                0x00004660        0xa c:/program files (x86)/atmel/studio/7.0/toolchain/avr8/avr8-gnu-toolchain/bin/../lib/gcc/avr/5.4.0/../../../../avr/lib/avrxmega6\libm.a(gesf2.o)
                0x00004660                __gesf2
                0x00004660                __gtsf2
 .text.avr-libc.fplib
                0x0000466a        0x8 c:/program files (x86)/atmel/studio/7.0/toolchain/avr8/avr8-gnu-toolchain/bin/../lib/gcc/avr/5.4.0/../../../../avr/lib/avrxmega6\libm.a(mulsf3.o)
                0x0000466a                __mulsf3
 .text.avr-libc.fplib
                0x00004672       0xd2 c:/program files (x86)/atmel/studio/7.0/toolchain/avr8/avr8-gnu-toolchain/bin/../lib/gcc/avr/5.4.0/../../../../avr/lib/avrxmega6\libm.a(mulsf3x.o)
                0x00004690                __mulsf3x
                0x00004696                __mulsf3_pse
 .text.avr-libc.fplib
                0x00004744       0xa0 c:/program files (x86)/atmel/studio/7.0/toolchain/avr8/avr8-gnu-toolchain/bin/../lib/gcc/avr/5.4.0/../../../../avr/lib/avrxmega6\libm.a(pow.o)
                0x00004744                pow
 .text.avr-libc.fplib
                0x000047e4       0x74 c:/program files (x86)/atmel/studio/7.0/toolchain/avr8/avr8-gnu-toolchain/bin/../lib/gcc/avr/5.4.0/../../../../avr/lib/avrxmega6\libm.a(exp.o)
                0x000047f4                exp
 .text.avr-libc.fplib
                0x00004858       0x4e c:/program files (x86)/atmel/studio/7.0/toolchain/avr8/avr8-gnu-toolchain/bin/../lib/gcc/avr/5.4.0/../../../../avr/lib/avrxmega6\libm.a(fp_powser.o)
                0x00004858                __fp_powser
 .text.avr-libc.fplib
                0x000048a6       0x10 c:/program files (x86)/atmel/studio/7.0/toolchain/avr8/avr8-gnu-toolchain/bin/../lib/gcc/avr/5.4.0/../../../../avr/lib/avrxmega6\libm.a(inverse.o)
                0x000048a6                inverse
 .text.avr-libc.fplib
                0x000048b6       0x74 c:/program files (x86)/atmel/studio/7.0/toolchain/avr8/avr8-gnu-toolchain/bin/../lib/gcc/avr/5.4.0/../../../../avr/lib/avrxmega6\libm.a(ldexp.o)
                0x000048be                ldexp
 .text.avr-libc.fplib
                0x0000492a       0xa0 c:/program files (x86)/atmel/studio/7.0/toolchain/avr8/avr8-gnu-toolchain/bin/../lib/gcc/avr/5.4.0/../../../../avr/lib/avrxmega6\libm.a(log.o)
                0x0000493a                log
 .text.avr-libc.fplib
                0x000049ca       0x68 c:/program files (x86)/atmel/studio/7.0/toolchain/avr8/avr8-gnu-toolchain/bin/../lib/gcc/avr/5.4.0/../../../../avr/lib/avrxmega6\libm.a(modf.o)
                0x000049ca                modf
                0x000049ca                modff
 .text.avr-libc.fplib
                0x00004a32       0x1c c:/program files (x86)/atmel/studio/7.0/toolchain/avr8/avr8-gnu-toolchain/bin/../lib/gcc/avr/5.4.0/../../../../avr/lib/avrxmega6\libm.a(fp_mpack.o)
                0x00004a32                __fp_mpack
                0x00004a36                __fp_mpack_finite
 .text.avr-libc
                0x00004a4e      0x740 c:/program files (x86)/atmel/studio/7.0/toolchain/avr8/avr8-gnu-toolchain/bin/../lib/gcc/avr/5.4.0/../../../../avr/lib/avrxmega6\libprintf_flt.a(vfprintf_flt.o)
                0x00004a4e                vfprintf
 .text.libgcc.div
                0x0000518e       0x28 c:/program files (x86)/atmel/studio/7.0/toolchain/avr8/avr8-gnu-toolchain/bin/../lib/gcc/avr/5.4.0/avrxmega6\libgcc.a(_udivmodhi4.o)
                0x0000518e                __udivmodhi4
 .text.libgcc.div
                0x000051b6       0x28 c:/program files (x86)/atmel/studio/7.0/toolchain/avr8/avr8-gnu-toolchain/bin/../lib/gcc/avr/5.4.0/avrxmega6\libgcc.a(_divmodhi4.o)
                0x000051b6                _div
                0x000051b6                __divmodhi4
 .text.libgcc.mul
                0x000051de       0x1e c:/program files (x86)/atmel/studio/7.0/toolchain/avr8/avr8-gnu-toolchain/bin/../lib/gcc/avr/5.4.0/avrxmega6\libgcc.a(_umulhisi3.o)
                0x000051de                __umulhisi3
 .text.avr-libc
                0x000051fc      0x242 c:/program files (x86)/atmel/studio/7.0/toolchain/avr8/avr8-gnu-toolchain/bin/../lib/gcc/avr/5.4.0/../../../../avr/lib/avrxmega6\libc.a(malloc.o)
                0x000051fc                malloc
                0x0000532c                free
 .text.avr-libc
                0x0000543e      0x41c c:/program files (x86)/atmel/studio/7.0/toolchain/avr8/avr8-gnu-toolchain/bin/../lib/gcc/avr/5.4.0/../../../../avr/lib/avrxmega6\libc.a(qsort.o)
                0x000054cc                qsort
 .text.avr-libc
                0x0000585a      0x1b0 c:/program files (x86)/atmel/studio/7.0/toolchain/avr8/avr8-gnu-toolchain/bin/../lib/gcc/avr/5.4.0/../../../../avr/lib/avrxmega6\libc.a(ftoa_engine.o)
                0x0000585a                __ftoa_engine
 .text.avr-libc
                0x00005a0a       0x16 c:/program files (x86)/atmel/studio/7.0/toolchain/avr8/avr8-gnu-toolchain/bin/../lib/gcc/avr/5.4.0/../../../../avr/lib/avrxmega6\libc.a(strnlen_P.o)
                0x00005a0a                strnlen_P
 .text.avr-libc
                0x00005a20        0xe c:/program files (x86)/atmel/studio/7.0/toolchain/avr8/avr8-gnu-toolchain/bin/../lib/gcc/avr/5.4.0/../../../../avr/lib/avrxmega6\libc.a(memset.o)
                0x00005a20                memset
 .text.avr-libc
                0x00005a2e       0x16 c:/program files (x86)/atmel/studio/7.0/toolchain/avr8/avr8-gnu-toolchain/bin/../lib/gcc/avr/5.4.0/../../../../avr/lib/avrxmega6\libc.a(strnlen.o)
                0x00005a2e                strnlen
 .text.avr-libc
                0x00005a44       0x7c c:/program files (x86)/atmel/studio/7.0/toolchain/avr8/avr8-gnu-toolchain/bin/../lib/gcc/avr/5.4.0/../../../../avr/lib/avrxmega6\libc.a(fgetc.o)
                0x00005a44                fgetc
 .text.avr-libc
                0x00005ac0       0x78 c:/program files (x86)/atmel/studio/7.0/toolchain/avr8/avr8-gnu-toolchain/bin/../lib/gcc/avr/5.4.0/../../../../avr/lib/avrxmega6\libc.a(fputc.o)
                0x00005ac0                fputc
 .text.avr-libc
                0x00005b38       0x28 c:/program files (x86)/atmel/studio/7.0/toolchain/avr8/avr8-gnu-toolchain/bin/../lib/gcc/avr/5.4.0/../../../../avr/lib/avrxmega6\libc.a(printf.o)
                0x00005b38                printf
 .text.avr-libc
                0x00005b60        0xc c:/program files (x86)/atmel/studio/7.0/toolchain/avr8/avr8-gnu-toolchain/bin/../lib/gcc/avr/5.4.0/../../../../avr/lib/avrxmega6\libc.a(putchar.o)
                0x00005b60                putchar
 .text.avr-libc
                0x00005b6c       0x60 c:/program files (x86)/atmel/studio/7.0/toolchain/avr8/avr8-gnu-toolchain/bin/../lib/gcc/avr/5.4.0/../../../../avr/lib/avrxmega6\libc.a(puts.o)
                0x00005b6c                puts
 .text.avr-libc
                0x00005bcc       0xbc c:/program files (x86)/atmel/studio/7.0/toolchain/avr8/avr8-gnu-toolchain/bin/../lib/gcc/avr/5.4.0/../../../../avr/lib/avrxmega6\libc.a(ultoa_invert.o)
                0x00005bcc                __ultoa_invert
                0x00005c88                . = ALIGN (0x2)
 *(.fini9)
 .fini9         0x00005c88        0x0 c:/program files (x86)/atmel/studio/7.0/toolchain/avr8/avr8-gnu-toolchain/bin/../lib/gcc/avr/5.4.0/avrxmega6\libgcc.a(_exit.o)
                0x00005c88                _exit
                0x00005c88                exit
 *(.fini9)
 *(.fini8)
 *(.fini8)
 *(.fini7)
 *(.fini7)
 *(.fini6)
 *(.fini6)
 *(.fini5)
 *(.fini5)
 *(.fini4)
 *(.fini4)
 *(.fini3)
 *(.fini3)
 *(.fini2)
 *(.fini2)
 *(.fini1)
 *(.fini1)
 *(.fini0)
 .fini0         0x00005c88        0x4 c:/program files (x86)/atmel/studio/7.0/toolchain/avr8/avr8-gnu-toolchain/bin/../lib/gcc/avr/5.4.0/avrxmega6\libgcc.a(_exit.o)
 *(.fini0)
                0x00005c8c                _etext = .

.data           0x00802000      0x544 load address 0x00005c8c
                0x00802000                PROVIDE (__data_start, .)
 *(.data)
 .data          0x00802000        0x6 c:/program files (x86)/atmel/studio/7.0/toolchain/avr8/avr8-gnu-toolchain/bin/../lib/gcc/avr/5.4.0/../../../../avr/lib/avrxmega6\libc.a(malloc.o)
                0x00802000                __malloc_heap_end
                0x00802002                __malloc_heap_start
                0x00802004                __malloc_margin
 *(.data*)
 .data.UsartStdio
                0x00802006        0xe Drivers/DriverUSART.o
 .data.xFreeBytesRemaining
                0x00802014        0x2 heap_2.o
 *(.gnu.linkonce.d*)
 *(.rodata)
 .rodata        0x00802016       0x43 tasks.o
 .rodata        0x00802059       0x58 hooks.o
 .rodata        0x008020b1      0x1f7 memmap.o
 .rodata        0x008022a8      0x29b TerminalTask.o
 *(.rodata*)
 *(.gnu.linkonce.r*)
                0x00802544                . = ALIGN (0x2)
 *fill*         0x00802543        0x1 
                0x00802544                _edata = .
                0x00802544                PROVIDE (__data_end, .)

.bss            0x00802544       0xd1
                0x00802544                PROVIDE (__bss_start, .)
 *(.bss)
 *(.bss*)
 .bss.i.3624    0x00802544        0x2 Drivers/DriverDbgUSART.o
 .bss.i.3634    0x00802546        0x2 Drivers/DriverDbgUSART.o
 .bss.pf.3635   0x00802548        0x1 Drivers/DriverDbgUSART.o
 .bss.encoderPosA
                0x00802549        0x2 Drivers/DriverMotor.o
 .bss.encoderPosB
                0x0080254b        0x2 Drivers/DriverMotor.o
 .bss.Twim_address
                0x0080254d        0x1 Drivers/DriverTWIMaster.o
 .bss.Twim_writeData
                0x0080254e        0x2 Drivers/DriverTWIMaster.o
 .bss.Twim_readData
                0x00802550        0x2 Drivers/DriverTWIMaster.o
 .bss.Twim_bytesToWrite
                0x00802552        0x1 Drivers/DriverTWIMaster.o
 .bss.Twim_bytesToRead
                0x00802553        0x1 Drivers/DriverTWIMaster.o
 .bss.Twim_bytesWritten
                0x00802554        0x1 Drivers/DriverTWIMaster.o
 .bss.Twim_bytesRead
                0x00802555        0x1 Drivers/DriverTWIMaster.o
 .bss.Twim_status
                0x00802556        0x1 Drivers/DriverTWIMaster.o
 .bss.Twim_result
                0x00802557        0x1 Drivers/DriverTWIMaster.o
 .bss.xStart    0x00802558        0x4 heap_2.o
 .bss.xEnd      0x0080255c        0x4 heap_2.o
 .bss.xHeapHasBeenInitialised.4125
                0x00802560        0x1 heap_2.o
 .bss.pxCurrentTCB
                0x00802561        0x2 tasks.o
                0x00802561                pxCurrentTCB
 .bss.pxReadyTasksLists
                0x00802563       0x5a tasks.o
 .bss.xDelayedTaskList1
                0x008025bd        0x9 tasks.o
 .bss.xDelayedTaskList2
                0x008025c6        0x9 tasks.o
 .bss.pxDelayedTaskList
                0x008025cf        0x2 tasks.o
 .bss.pxOverflowDelayedTaskList
                0x008025d1        0x2 tasks.o
 .bss.xPendingReadyList
                0x008025d3        0x9 tasks.o
 .bss.xTasksWaitingTermination
                0x008025dc        0x9 tasks.o
 .bss.uxDeletedTasksWaitingCleanUp
                0x008025e5        0x1 tasks.o
 .bss.xSuspendedTaskList
                0x008025e6        0x9 tasks.o
 .bss.uxCurrentNumberOfTasks
                0x008025ef        0x1 tasks.o
 .bss.xTickCount
                0x008025f0        0x2 tasks.o
 .bss.uxTopReadyPriority
                0x008025f2        0x1 tasks.o
 .bss.xSchedulerRunning
                0x008025f3        0x1 tasks.o
 .bss.uxPendedTicks
                0x008025f4        0x1 tasks.o
 .bss.xYieldPending
                0x008025f5        0x1 tasks.o
 .bss.xNumOfOverflows
                0x008025f6        0x1 tasks.o
 .bss.uxTaskNumber
                0x008025f7        0x1 tasks.o
 .bss.xNextTaskUnblockTime
                0x008025f8        0x2 tasks.o
 .bss.xIdleTaskHandle
                0x008025fa        0x2 tasks.o
 .bss.uxSchedulerSuspended
                0x008025fc        0x1 tasks.o
 .bss.ulTaskSwitchedInTime
                0x008025fd        0x4 tasks.o
 .bss.ulTotalRunTime
                0x00802601        0x4 tasks.o
 *(COMMON)
 COMMON         0x00802605        0x4 port.o
                0x00802605                StatsTimer
 COMMON         0x00802609        0x2 main.o
                0x00802609                ucHeap
 COMMON         0x0080260b        0x4 c:/program files (x86)/atmel/studio/7.0/toolchain/avr8/avr8-gnu-toolchain/bin/../lib/gcc/avr/5.4.0/../../../../avr/lib/avrxmega6\libc.a(malloc.o)
                0x0080260b                __brkval
                0x0080260d                __flp
 COMMON         0x0080260f        0x6 c:/program files (x86)/atmel/studio/7.0/toolchain/avr8/avr8-gnu-toolchain/bin/../lib/gcc/avr/5.4.0/../../../../avr/lib/avrxmega6\libc.a(iob.o)
                0x0080260f                __iob
                0x00802615                PROVIDE (__bss_end, .)
                0x00005c8c                __data_load_start = LOADADDR (.data)
                0x000061d0                __data_load_end = (__data_load_start + SIZEOF (.data))

.noinit         0x00802615        0x0
                [!provide]                PROVIDE (__noinit_start, .)
 *(.noinit*)
                [!provide]                PROVIDE (__noinit_end, .)
                0x00802615                _end = .
                0x00802615                PROVIDE (__heap_start, .)

.eeprom         0x00810000        0x0
 *(.eeprom*)
                0x00810000                __eeprom_end = .

.fuse
 *(.fuse)
 *(.lfuse)
 *(.hfuse)
 *(.efuse)

.lock
 *(.lock*)

.signature
 *(.signature*)

.user_signatures
 *(.user_signatures*)

.stab
 *(.stab)

.stabstr
 *(.stabstr)

.stab.excl
 *(.stab.excl)

.stab.exclstr
 *(.stab.exclstr)

.stab.index
 *(.stab.index)

.stab.indexstr
 *(.stab.indexstr)

.comment        0x00000000       0x5c
 *(.comment)
 .comment       0x00000000       0x30 Drivers/DriverAdc.o
                                 0x31 (size before relaxing)
 .comment       0x00000030       0x31 Drivers/DriverCursorstick.o
 .comment       0x00000030       0x31 Drivers/DriverDbgUSART.o
 .comment       0x00000030       0x31 Drivers/DriverLed.o
 .comment       0x00000030       0x31 Drivers/DriverMotor.o
 .comment       0x00000030       0x31 Drivers/DriverPower.o
 .comment       0x00000030       0x31 Drivers/DriverSysClk.o
 .comment       0x00000030       0x31 Drivers/DriverTWIMaster.o
 .comment       0x00000030       0x31 Drivers/DriverUSART.o
 .comment       0x00000030       0x31 heap_2.o
 .comment       0x00000030       0x31 list.o
 .comment       0x00000030       0x31 port.o
 .comment       0x00000030       0x31 tasks.o
 .comment       0x00000030       0x31 hooks.o
 .comment       0x00000030       0x31 main.o
 .comment       0x00000030       0x31 memmap.o
 .comment       0x00000030       0x31 TerminalTask.o
 .comment       0x00000030       0x2c c:/program files (x86)/atmel/studio/7.0/toolchain/avr8/avr8-gnu-toolchain/bin/../lib/gcc/avr/5.4.0/../../../../avr/lib/avrxmega6\libprintf_flt.a(vfprintf_flt.o)
                                 0x2d (size before relaxing)
 .comment       0x0000005c       0x31 c:/program files (x86)/atmel/studio/7.0/toolchain/avr8/avr8-gnu-toolchain/bin/../lib/gcc/avr/5.4.0/../../../../avr/lib/avrxmega6\libc.a(malloc.o)
 .comment       0x0000005c       0x31 c:/program files (x86)/atmel/studio/7.0/toolchain/avr8/avr8-gnu-toolchain/bin/../lib/gcc/avr/5.4.0/../../../../avr/lib/avrxmega6\libc.a(qsort.o)
 .comment       0x0000005c       0x31 c:/program files (x86)/atmel/studio/7.0/toolchain/avr8/avr8-gnu-toolchain/bin/../lib/gcc/avr/5.4.0/../../../../avr/lib/avrxmega6\libc.a(fgetc.o)
 .comment       0x0000005c       0x31 c:/program files (x86)/atmel/studio/7.0/toolchain/avr8/avr8-gnu-toolchain/bin/../lib/gcc/avr/5.4.0/../../../../avr/lib/avrxmega6\libc.a(fputc.o)
 .comment       0x0000005c       0x31 c:/program files (x86)/atmel/studio/7.0/toolchain/avr8/avr8-gnu-toolchain/bin/../lib/gcc/avr/5.4.0/../../../../avr/lib/avrxmega6\libc.a(iob.o)
 .comment       0x0000005c       0x31 c:/program files (x86)/atmel/studio/7.0/toolchain/avr8/avr8-gnu-toolchain/bin/../lib/gcc/avr/5.4.0/../../../../avr/lib/avrxmega6\libc.a(printf.o)
 .comment       0x0000005c       0x31 c:/program files (x86)/atmel/studio/7.0/toolchain/avr8/avr8-gnu-toolchain/bin/../lib/gcc/avr/5.4.0/../../../../avr/lib/avrxmega6\libc.a(putchar.o)
 .comment       0x0000005c       0x31 c:/program files (x86)/atmel/studio/7.0/toolchain/avr8/avr8-gnu-toolchain/bin/../lib/gcc/avr/5.4.0/../../../../avr/lib/avrxmega6\libc.a(puts.o)

.note.gnu.avr.deviceinfo
                0x00000000       0x40
 .note.gnu.avr.deviceinfo
                0x00000000       0x40 C:/Program Files (x86)/Atmel/Studio/7.0/Packs/atmel/XMEGAC_DFP/1.1.50/gcc/dev/atxmega384c3/avrxmega6/crtatxmega384c3.o

.note.gnu.build-id
 *(.note.gnu.build-id)

.debug
 *(.debug)

.line
 *(.line)

.debug_srcinfo
 *(.debug_srcinfo)

.debug_sfnames
 *(.debug_sfnames)

.debug_aranges  0x00000000      0x578
 *(.debug_aranges)
 .debug_aranges
                0x00000000       0x28 Drivers/DriverAdc.o
 .debug_aranges
                0x00000028       0x28 Drivers/DriverCursorstick.o
 .debug_aranges
                0x00000050       0x30 Drivers/DriverDbgUSART.o
 .debug_aranges
                0x00000080       0x40 Drivers/DriverLed.o
 .debug_aranges
                0x000000c0       0x50 Drivers/DriverMotor.o
 .debug_aranges
                0x00000110       0x28 Drivers/DriverPower.o
 .debug_aranges
                0x00000138       0x20 Drivers/DriverSysClk.o
 .debug_aranges
                0x00000158       0x60 Drivers/DriverTWIMaster.o
 .debug_aranges
                0x000001b8       0x38 Drivers/DriverUSART.o
 .debug_aranges
                0x000001f0       0x40 heap_2.o
 .debug_aranges
                0x00000230       0x40 list.o
 .debug_aranges
                0x00000270       0x60 port.o
 .debug_aranges
                0x000002d0      0x1f8 tasks.o
 .debug_aranges
                0x000004c8       0x38 hooks.o
 .debug_aranges
                0x00000500       0x20 main.o
 .debug_aranges
                0x00000520       0x28 memmap.o
 .debug_aranges
                0x00000548       0x30 TerminalTask.o

.debug_pubnames
 *(.debug_pubnames)

.debug_info     0x00000000     0x88c7
 *(.debug_info .gnu.linkonce.wi.*)
 .debug_info    0x00000000     0x2a76 C:/Program Files (x86)/Atmel/Studio/7.0/Packs/atmel/XMEGAC_DFP/1.1.50/gcc/dev/atxmega384c3/avrxmega6/crtatxmega384c3.o
 .debug_info    0x00002a76       0xcc Drivers/DriverAdc.o
 .debug_info    0x00002b42      0x294 Drivers/DriverCursorstick.o
 .debug_info    0x00002dd6      0x1df Drivers/DriverDbgUSART.o
 .debug_info    0x00002fb5      0x2bb Drivers/DriverLed.o
 .debug_info    0x00003270      0xaa8 Drivers/DriverMotor.o
 .debug_info    0x00003d18      0x240 Drivers/DriverPower.o
 .debug_info    0x00003f58      0x1a8 Drivers/DriverSysClk.o
 .debug_info    0x00004100      0x6fe Drivers/DriverTWIMaster.o
 .debug_info    0x000047fe      0x579 Drivers/DriverUSART.o
 .debug_info    0x00004d77      0x2be heap_2.o
 .debug_info    0x00005035      0x2bb list.o
 .debug_info    0x000052f0      0x7ea port.o
 .debug_info    0x00005ada     0x1fa8 tasks.o
 .debug_info    0x00007a82      0x594 hooks.o
 .debug_info    0x00008016      0x297 main.o
 .debug_info    0x000082ad      0x32f memmap.o
 .debug_info    0x000085dc      0x2eb TerminalTask.o

.debug_abbrev   0x00000000     0x3c43
 *(.debug_abbrev)
 .debug_abbrev  0x00000000     0x2836 C:/Program Files (x86)/Atmel/Studio/7.0/Packs/atmel/XMEGAC_DFP/1.1.50/gcc/dev/atxmega384c3/avrxmega6/crtatxmega384c3.o
 .debug_abbrev  0x00002836       0x7a Drivers/DriverAdc.o
 .debug_abbrev  0x000028b0       0xd5 Drivers/DriverCursorstick.o
 .debug_abbrev  0x00002985       0xed Drivers/DriverDbgUSART.o
 .debug_abbrev  0x00002a72       0xd3 Drivers/DriverLed.o
 .debug_abbrev  0x00002b45      0x146 Drivers/DriverMotor.o
 .debug_abbrev  0x00002c8b       0xb9 Drivers/DriverPower.o
 .debug_abbrev  0x00002d44       0x92 Drivers/DriverSysClk.o
 .debug_abbrev  0x00002dd6      0x176 Drivers/DriverTWIMaster.o
 .debug_abbrev  0x00002f4c      0x18b Drivers/DriverUSART.o
 .debug_abbrev  0x000030d7      0x160 heap_2.o
 .debug_abbrev  0x00003237       0xc7 list.o
 .debug_abbrev  0x000032fe      0x192 port.o
 .debug_abbrev  0x00003490      0x2d1 tasks.o
 .debug_abbrev  0x00003761      0x14b hooks.o
 .debug_abbrev  0x000038ac      0x107 main.o
 .debug_abbrev  0x000039b3      0x127 memmap.o
 .debug_abbrev  0x00003ada      0x169 TerminalTask.o

.debug_line     0x00000000     0x497a
 *(.debug_line .debug_line.* .debug_line_end)
 .debug_line    0x00000000      0x39d C:/Program Files (x86)/Atmel/Studio/7.0/Packs/atmel/XMEGAC_DFP/1.1.50/gcc/dev/atxmega384c3/avrxmega6/crtatxmega384c3.o
 .debug_line    0x0000039d       0xc2 Drivers/DriverAdc.o
 .debug_line    0x0000045f      0x1b8 Drivers/DriverCursorstick.o
 .debug_line    0x00000617      0x1e7 Drivers/DriverDbgUSART.o
 .debug_line    0x000007fe      0x1b6 Drivers/DriverLed.o
 .debug_line    0x000009b4      0x4b9 Drivers/DriverMotor.o
 .debug_line    0x00000e6d      0x14a Drivers/DriverPower.o
 .debug_line    0x00000fb7      0x147 Drivers/DriverSysClk.o
 .debug_line    0x000010fe      0x3c6 Drivers/DriverTWIMaster.o
 .debug_line    0x000014c4      0x2a3 Drivers/DriverUSART.o
 .debug_line    0x00001767      0x2ee heap_2.o
 .debug_line    0x00001a55      0x1ec list.o
 .debug_line    0x00001c41      0x48a port.o
 .debug_line    0x000020cb     0x1beb tasks.o
 .debug_line    0x00003cb6      0x461 hooks.o
 .debug_line    0x00004117      0x298 main.o
 .debug_line    0x000043af      0x24e memmap.o
 .debug_line    0x000045fd      0x37d TerminalTask.o

.debug_frame    0x00000000     0x1284
 *(.debug_frame)
 .debug_frame   0x00000000       0x54 Drivers/DriverAdc.o
 .debug_frame   0x00000054       0x54 Drivers/DriverCursorstick.o
 .debug_frame   0x000000a8       0x74 Drivers/DriverDbgUSART.o
 .debug_frame   0x0000011c       0xb4 Drivers/DriverLed.o
 .debug_frame   0x000001d0      0x194 Drivers/DriverMotor.o
 .debug_frame   0x00000364       0x54 Drivers/DriverPower.o
 .debug_frame   0x000003b8       0x24 Drivers/DriverSysClk.o
 .debug_frame   0x000003dc      0x194 Drivers/DriverTWIMaster.o
 .debug_frame   0x00000570       0xa8 Drivers/DriverUSART.o
 .debug_frame   0x00000618       0xb4 heap_2.o
 .debug_frame   0x000006cc       0xb4 list.o
 .debug_frame   0x00000780       0xf4 port.o
 .debug_frame   0x00000874      0x864 tasks.o
 .debug_frame   0x000010d8       0x94 hooks.o
 .debug_frame   0x0000116c       0x34 main.o
 .debug_frame   0x000011a0       0x58 memmap.o
 .debug_frame   0x000011f8       0x8c TerminalTask.o

.debug_str      0x00000000     0x3e1b
 *(.debug_str)
 .debug_str     0x00000000     0x1be5 C:/Program Files (x86)/Atmel/Studio/7.0/Packs/atmel/XMEGAC_DFP/1.1.50/gcc/dev/atxmega384c3/avrxmega6/crtatxmega384c3.o
 .debug_str     0x00001be5      0x1ac Drivers/DriverAdc.o
                                0x1ef (size before relaxing)
 .debug_str     0x00001d91      0x1e6 Drivers/DriverCursorstick.o
                                0x38b (size before relaxing)
 .debug_str     0x00001f77       0x8b Drivers/DriverDbgUSART.o
                                0x25a (size before relaxing)
 .debug_str     0x00002002       0x68 Drivers/DriverLed.o
                                0x2e4 (size before relaxing)
 .debug_str     0x0000206a      0x424 Drivers/DriverMotor.o
                                0x6cf (size before relaxing)
 .debug_str     0x0000248e       0x3e Drivers/DriverPower.o
                                0x2c0 (size before relaxing)
 .debug_str     0x000024cc       0x9e Drivers/DriverSysClk.o
                                0x26c (size before relaxing)
 .debug_str     0x0000256a      0x38f Drivers/DriverTWIMaster.o
                                0x673 (size before relaxing)
 .debug_str     0x000028f9       0xe9 Drivers/DriverUSART.o
                                0x3e4 (size before relaxing)
 .debug_str     0x000029e2      0x1ff heap_2.o
                                0x346 (size before relaxing)
 .debug_str     0x00002be1      0x13c list.o
                                0x308 (size before relaxing)
 .debug_str     0x00002d1d      0x107 port.o
                                0x5ba (size before relaxing)
 .debug_str     0x00002e24      0xd42 tasks.o
                               0x1340 (size before relaxing)
 .debug_str     0x00003b66       0x7d hooks.o
                                0x37a (size before relaxing)
 .debug_str     0x00003be3       0xa7 main.o
                                0x313 (size before relaxing)
 .debug_str     0x00003c8a       0xc9 memmap.o
                                0x3c7 (size before relaxing)
 .debug_str     0x00003d53       0xc8 TerminalTask.o
                                0x2ed (size before relaxing)

.debug_loc      0x00000000     0x2541
 *(.debug_loc)
 .debug_loc     0x00000000       0x83 Drivers/DriverAdc.o
 .debug_loc     0x00000083       0x83 Drivers/DriverCursorstick.o
 .debug_loc     0x00000106       0xd8 Drivers/DriverDbgUSART.o
 .debug_loc     0x000001de      0x15b Drivers/DriverLed.o
 .debug_loc     0x00000339      0x389 Drivers/DriverMotor.o
 .debug_loc     0x000006c2       0x83 Drivers/DriverPower.o
 .debug_loc     0x00000745      0x355 Drivers/DriverTWIMaster.o
 .debug_loc     0x00000a9a      0x152 Drivers/DriverUSART.o
 .debug_loc     0x00000bec      0x14c heap_2.o
 .debug_loc     0x00000d38      0x167 list.o
 .debug_loc     0x00000e9f      0x133 port.o
 .debug_loc     0x00000fd2     0x127f tasks.o
 .debug_loc     0x00002251      0x110 hooks.o
 .debug_loc     0x00002361       0x47 main.o
 .debug_loc     0x000023a8       0x8f memmap.o
 .debug_loc     0x00002437      0x10a TerminalTask.o

.debug_macinfo
 *(.debug_macinfo)

.debug_weaknames
 *(.debug_weaknames)

.debug_funcnames
 *(.debug_funcnames)

.debug_typenames
 *(.debug_typenames)

.debug_varnames
 *(.debug_varnames)

.debug_pubtypes
 *(.debug_pubtypes)

.debug_ranges   0x00000000      0x4c8
 *(.debug_ranges)
 .debug_ranges  0x00000000       0x18 Drivers/DriverAdc.o
 .debug_ranges  0x00000018       0x18 Drivers/DriverCursorstick.o
 .debug_ranges  0x00000030       0x20 Drivers/DriverDbgUSART.o
 .debug_ranges  0x00000050       0x30 Drivers/DriverLed.o
 .debug_ranges  0x00000080       0x40 Drivers/DriverMotor.o
 .debug_ranges  0x000000c0       0x18 Drivers/DriverPower.o
 .debug_ranges  0x000000d8       0x10 Drivers/DriverSysClk.o
 .debug_ranges  0x000000e8       0x50 Drivers/DriverTWIMaster.o
 .debug_ranges  0x00000138       0x58 Drivers/DriverUSART.o
 .debug_ranges  0x00000190       0x30 heap_2.o
 .debug_ranges  0x000001c0       0x30 list.o
 .debug_ranges  0x000001f0       0x50 port.o
 .debug_ranges  0x00000240      0x1e8 tasks.o
 .debug_ranges  0x00000428       0x28 hooks.o
 .debug_ranges  0x00000450       0x10 main.o
 .debug_ranges  0x00000460       0x18 memmap.o
 .debug_ranges  0x00000478       0x50 TerminalTask.o

.debug_macro
 *(.debug_macro)
OUTPUT(LinebotTemplate1.elf elf32-avr)
LOAD linker stubs
