Archive member included to satisfy reference by file (symbol)

../Drivers\libDriverPower.a(DriverPower.o)
                              main.o (DriverPowerInit)
c:/program files (x86)/atmel/studio/7.0/toolchain/avr8/avr8-gnu-toolchain/bin/../lib/gcc/avr/5.4.0/../../../../avr/lib/avrxmega6\libprintf_flt.a(vfprintf_flt.o)
                              (vfprintf)
c:/program files (x86)/atmel/studio/7.0/toolchain/avr8/avr8-gnu-toolchain/bin/../lib/gcc/avr/5.4.0/avrxmega6\libgcc.a(_udivmodhi4.o)
                              Drivers/DriverDbgUSART.o (__udivmodhi4)
c:/program files (x86)/atmel/studio/7.0/toolchain/avr8/avr8-gnu-toolchain/bin/../lib/gcc/avr/5.4.0/avrxmega6\libgcc.a(_divmodhi4.o)
                              Drivers/DriverDbgUSART.o (__divmodhi4)
c:/program files (x86)/atmel/studio/7.0/toolchain/avr8/avr8-gnu-toolchain/bin/../lib/gcc/avr/5.4.0/avrxmega6\libgcc.a(_udivmodsi4.o)
                              FreeRTOS/tasks.o (__udivmodsi4)
c:/program files (x86)/atmel/studio/7.0/toolchain/avr8/avr8-gnu-toolchain/bin/../lib/gcc/avr/5.4.0/avrxmega6\libgcc.a(_exit.o)
                              C:/Program Files (x86)/Atmel/Studio/7.0/Packs/atmel/XMEGAC_DFP/1.1.50/gcc/dev/atxmega384c3/avrxmega6/crtatxmega384c3.o (exit)
c:/program files (x86)/atmel/studio/7.0/toolchain/avr8/avr8-gnu-toolchain/bin/../lib/gcc/avr/5.4.0/avrxmega6\libgcc.a(_copy_data.o)
                              Drivers/DriverAdps9960.o (__do_copy_data)
c:/program files (x86)/atmel/studio/7.0/toolchain/avr8/avr8-gnu-toolchain/bin/../lib/gcc/avr/5.4.0/avrxmega6\libgcc.a(_clear_bss.o)
                              Drivers/DriverDbgUSART.o (__do_clear_bss)
c:/program files (x86)/atmel/studio/7.0/toolchain/avr8/avr8-gnu-toolchain/bin/../lib/gcc/avr/5.4.0/avrxmega6\libgcc.a(_umulhisi3.o)
                              Drivers/DriverDbgUSART.o (__umulhisi3)
c:/program files (x86)/atmel/studio/7.0/toolchain/avr8/avr8-gnu-toolchain/bin/../lib/gcc/avr/5.4.0/../../../../avr/lib/avrxmega6\libc.a(malloc.o)
                              main.o (malloc)
c:/program files (x86)/atmel/studio/7.0/toolchain/avr8/avr8-gnu-toolchain/bin/../lib/gcc/avr/5.4.0/../../../../avr/lib/avrxmega6\libc.a(ftoa_engine.o)
                              c:/program files (x86)/atmel/studio/7.0/toolchain/avr8/avr8-gnu-toolchain/bin/../lib/gcc/avr/5.4.0/../../../../avr/lib/avrxmega6\libprintf_flt.a(vfprintf_flt.o) (__ftoa_engine)
c:/program files (x86)/atmel/studio/7.0/toolchain/avr8/avr8-gnu-toolchain/bin/../lib/gcc/avr/5.4.0/../../../../avr/lib/avrxmega6\libc.a(strnlen_P.o)
                              c:/program files (x86)/atmel/studio/7.0/toolchain/avr8/avr8-gnu-toolchain/bin/../lib/gcc/avr/5.4.0/../../../../avr/lib/avrxmega6\libprintf_flt.a(vfprintf_flt.o) (strnlen_P)
c:/program files (x86)/atmel/studio/7.0/toolchain/avr8/avr8-gnu-toolchain/bin/../lib/gcc/avr/5.4.0/../../../../avr/lib/avrxmega6\libc.a(memcpy.o)
                              FreeRTOS/queue.o (memcpy)
c:/program files (x86)/atmel/studio/7.0/toolchain/avr8/avr8-gnu-toolchain/bin/../lib/gcc/avr/5.4.0/../../../../avr/lib/avrxmega6\libc.a(memset.o)
                              FreeRTOS/tasks.o (memset)
c:/program files (x86)/atmel/studio/7.0/toolchain/avr8/avr8-gnu-toolchain/bin/../lib/gcc/avr/5.4.0/../../../../avr/lib/avrxmega6\libc.a(strcpy.o)
                              FreeRTOS/tasks.o (strcpy)
c:/program files (x86)/atmel/studio/7.0/toolchain/avr8/avr8-gnu-toolchain/bin/../lib/gcc/avr/5.4.0/../../../../avr/lib/avrxmega6\libc.a(strnlen.o)
                              c:/program files (x86)/atmel/studio/7.0/toolchain/avr8/avr8-gnu-toolchain/bin/../lib/gcc/avr/5.4.0/../../../../avr/lib/avrxmega6\libprintf_flt.a(vfprintf_flt.o) (strnlen)
c:/program files (x86)/atmel/studio/7.0/toolchain/avr8/avr8-gnu-toolchain/bin/../lib/gcc/avr/5.4.0/../../../../avr/lib/avrxmega6\libc.a(fputc.o)
                              c:/program files (x86)/atmel/studio/7.0/toolchain/avr8/avr8-gnu-toolchain/bin/../lib/gcc/avr/5.4.0/../../../../avr/lib/avrxmega6\libprintf_flt.a(vfprintf_flt.o) (fputc)
c:/program files (x86)/atmel/studio/7.0/toolchain/avr8/avr8-gnu-toolchain/bin/../lib/gcc/avr/5.4.0/../../../../avr/lib/avrxmega6\libc.a(iob.o)
                              Drivers/DriverUSART.o (__iob)
c:/program files (x86)/atmel/studio/7.0/toolchain/avr8/avr8-gnu-toolchain/bin/../lib/gcc/avr/5.4.0/../../../../avr/lib/avrxmega6\libc.a(printf.o)
                              Drivers/DriverAdps9960.o (printf)
c:/program files (x86)/atmel/studio/7.0/toolchain/avr8/avr8-gnu-toolchain/bin/../lib/gcc/avr/5.4.0/../../../../avr/lib/avrxmega6\libc.a(puts.o)
                              Drivers/DriverMPU6050.o (puts)
c:/program files (x86)/atmel/studio/7.0/toolchain/avr8/avr8-gnu-toolchain/bin/../lib/gcc/avr/5.4.0/../../../../avr/lib/avrxmega6\libc.a(sprintf.o)
                              FreeRTOS/tasks.o (sprintf)
c:/program files (x86)/atmel/studio/7.0/toolchain/avr8/avr8-gnu-toolchain/bin/../lib/gcc/avr/5.4.0/../../../../avr/lib/avrxmega6\libc.a(ultoa_invert.o)
                              c:/program files (x86)/atmel/studio/7.0/toolchain/avr8/avr8-gnu-toolchain/bin/../lib/gcc/avr/5.4.0/../../../../avr/lib/avrxmega6\libprintf_flt.a(vfprintf_flt.o) (__ultoa_invert)

Allocating common symbols
Common symbol       size              file

ucHeap              0x2               main.o
__brkval            0x2               c:/program files (x86)/atmel/studio/7.0/toolchain/avr8/avr8-gnu-toolchain/bin/../lib/gcc/avr/5.4.0/../../../../avr/lib/avrxmega6\libc.a(malloc.o)
__flp               0x2               c:/program files (x86)/atmel/studio/7.0/toolchain/avr8/avr8-gnu-toolchain/bin/../lib/gcc/avr/5.4.0/../../../../avr/lib/avrxmega6\libc.a(malloc.o)
__iob               0x6               c:/program files (x86)/atmel/studio/7.0/toolchain/avr8/avr8-gnu-toolchain/bin/../lib/gcc/avr/5.4.0/../../../../avr/lib/avrxmega6\libc.a(iob.o)
StatsTimer          0x4               FreeRTOS/port.o

Discarded input sections

 .data          0x00000000        0x0 C:/Program Files (x86)/Atmel/Studio/7.0/Packs/atmel/XMEGAC_DFP/1.1.50/gcc/dev/atxmega384c3/avrxmega6/crtatxmega384c3.o
 .bss           0x00000000        0x0 C:/Program Files (x86)/Atmel/Studio/7.0/Packs/atmel/XMEGAC_DFP/1.1.50/gcc/dev/atxmega384c3/avrxmega6/crtatxmega384c3.o
 .text          0x00000000        0x0 Drivers/DriverAdps9960.o
 .data          0x00000000        0x0 Drivers/DriverAdps9960.o
 .bss           0x00000000        0x0 Drivers/DriverAdps9960.o
 .rodata.str1.1
                0x00000000       0x25 Drivers/DriverAdps9960.o
 .text.DriverAdps9960Init
                0x00000000       0x90 Drivers/DriverAdps9960.o
 .text.DriverAdps9960Get
                0x00000000       0xd2 Drivers/DriverAdps9960.o
 .debug_info    0x00000000      0x2f3 Drivers/DriverAdps9960.o
 .debug_abbrev  0x00000000      0x10a Drivers/DriverAdps9960.o
 .debug_loc     0x00000000      0x1f6 Drivers/DriverAdps9960.o
 .debug_aranges
                0x00000000       0x28 Drivers/DriverAdps9960.o
 .debug_ranges  0x00000000       0x18 Drivers/DriverAdps9960.o
 .debug_line    0x00000000      0x1c1 Drivers/DriverAdps9960.o
 .debug_str     0x00000000      0x252 Drivers/DriverAdps9960.o
 .comment       0x00000000       0x31 Drivers/DriverAdps9960.o
 .debug_frame   0x00000000       0x90 Drivers/DriverAdps9960.o
 .text          0x00000000        0x0 Drivers/DriverDbgUSART.o
 .data          0x00000000        0x0 Drivers/DriverDbgUSART.o
 .bss           0x00000000        0x0 Drivers/DriverDbgUSART.o
 .text          0x00000000        0x0 Drivers/DriverMPU6050.o
 .data          0x00000000        0x0 Drivers/DriverMPU6050.o
 .bss           0x00000000        0x0 Drivers/DriverMPU6050.o
 .rodata.str1.1
                0x00000000       0x4c Drivers/DriverMPU6050.o
 .text.DriverMPU6050Init
                0x00000000      0x102 Drivers/DriverMPU6050.o
 .text.DriverMPU6050GyroGet
                0x00000000       0x9a Drivers/DriverMPU6050.o
 .debug_info    0x00000000      0x313 Drivers/DriverMPU6050.o
 .debug_abbrev  0x00000000      0x11f Drivers/DriverMPU6050.o
 .debug_loc     0x00000000      0x1c4 Drivers/DriverMPU6050.o
 .debug_aranges
                0x00000000       0x28 Drivers/DriverMPU6050.o
 .debug_ranges  0x00000000       0x18 Drivers/DriverMPU6050.o
 .debug_line    0x00000000      0x1fd Drivers/DriverMPU6050.o
 .debug_str     0x00000000      0x257 Drivers/DriverMPU6050.o
 .comment       0x00000000       0x31 Drivers/DriverMPU6050.o
 .debug_frame   0x00000000       0x84 Drivers/DriverMPU6050.o
 .text          0x00000000        0x0 Drivers/DriverOled.o
 .data          0x00000000        0x0 Drivers/DriverOled.o
 .bss           0x00000000        0x0 Drivers/DriverOled.o
 .text.send_data
                0x00000000       0x2a Drivers/DriverOled.o
 .text.send_command
                0x00000000       0x2a Drivers/DriverOled.o
 .text.send_command_data
                0x00000000       0x30 Drivers/DriverOled.o
 .text.set_page_address
                0x00000000       0x56 Drivers/DriverOled.o
 .text.set_column_address
                0x00000000       0x56 Drivers/DriverOled.o
 .text.DriverOLEDUpdate
                0x00000000       0x84 Drivers/DriverOled.o
 .text.DriverOLEDPrintText
                0x00000000      0x40a Drivers/DriverOled.o
 .text.DriverOLEDClearScreen
                0x00000000       0x16 Drivers/DriverOled.o
 .text.DriverOLEDInvertScreen
                0x00000000       0x2c Drivers/DriverOled.o
 .text.DriverOLEDNormalScreen
                0x00000000       0x2c Drivers/DriverOled.o
 .text.DriverOLEDDrawPixel
                0x00000000       0xbc Drivers/DriverOled.o
 .text.DriverOLEDClearPixel
                0x00000000       0xc0 Drivers/DriverOled.o
 .text.DriverOLEDPrintSmChar.part.2
                0x00000000      0x212 Drivers/DriverOled.o
 .text.DriverOLEDPrintSmChar
                0x00000000        0xe Drivers/DriverOled.o
 .text.DriverOLEDPrintSmText
                0x00000000       0xca Drivers/DriverOled.o
 .text.DriverOLEDDrawLine
                0x00000000      0x11e Drivers/DriverOled.o
 .text.DriverOLEDDrawRectangle
                0x00000000       0x52 Drivers/DriverOled.o
 .text.DriverOLEDDrawSolidRectangle
                0x00000000       0x5c Drivers/DriverOled.o
 .text.Ellipse4Points
                0x00000000       0x4c Drivers/DriverOled.o
 .text.DriverOLEDDrawEllipse
                0x00000000      0x226 Drivers/DriverOled.o
 .text.DriverOLEDDrawCircle
                0x00000000        0x6 Drivers/DriverOled.o
 .text.DriverOLEDDrawTriangle
                0x00000000       0x54 Drivers/DriverOled.o
 .text.DriverOLEDSleep
                0x00000000       0x2c Drivers/DriverOled.o
 .text.DriverOLEDWake
                0x00000000       0x2c Drivers/DriverOled.o
 .text.DriverOLEDInit
                0x00000000      0x1ba Drivers/DriverOled.o
 .rodata.font_6x8
                0x00000000      0x1d6 Drivers/DriverOled.o
 .progmem.data.font_16x16
                0x00000000      0xbe0 Drivers/DriverOled.o
 .bss.GlobOrientation
                0x00000000        0x1 Drivers/DriverOled.o
 .bss.buffer    0x00000000      0x400 Drivers/DriverOled.o
 .rodata.__contrast
                0x00000000        0x1 Drivers/DriverOled.o
 .rodata.__normal_display
                0x00000000        0x1 Drivers/DriverOled.o
 .rodata.__entire_display_on
                0x00000000        0x1 Drivers/DriverOled.o
 .rodata.__mux_ratio
                0x00000000        0x1 Drivers/DriverOled.o
 .rodata.__clk_div
                0x00000000        0x1 Drivers/DriverOled.o
 .rodata.__osc_freq
                0x00000000        0x1 Drivers/DriverOled.o
 .debug_info    0x00000000     0x1ba9 Drivers/DriverOled.o
 .debug_abbrev  0x00000000      0x325 Drivers/DriverOled.o
 .debug_loc     0x00000000     0x2582 Drivers/DriverOled.o
 .debug_aranges
                0x00000000       0xe0 Drivers/DriverOled.o
 .debug_ranges  0x00000000      0x130 Drivers/DriverOled.o
 .debug_line    0x00000000      0xb02 Drivers/DriverOled.o
 .debug_str     0x00000000      0x4f3 Drivers/DriverOled.o
 .comment       0x00000000       0x31 Drivers/DriverOled.o
 .debug_frame   0x00000000      0x4d0 Drivers/DriverOled.o
 .text          0x00000000        0x0 Drivers/DriverSysClk.o
 .data          0x00000000        0x0 Drivers/DriverSysClk.o
 .bss           0x00000000        0x0 Drivers/DriverSysClk.o
 .text          0x00000000        0x0 Drivers/DriverTWIMaster.o
 .data          0x00000000        0x0 Drivers/DriverTWIMaster.o
 .bss           0x00000000        0x0 Drivers/DriverTWIMaster.o
 .text.DriverTWIMInit
                0x00000000       0x20 Drivers/DriverTWIMaster.o
 .text.TWIMWriteRead
                0x00000000       0x7a Drivers/DriverTWIMaster.o
 .text.TWIMWrite
                0x00000000       0x10 Drivers/DriverTWIMaster.o
 .text.TWIMRead
                0x00000000       0x14 Drivers/DriverTWIMaster.o
 .text.TWIMArbitrationLostBusErrorHandler
                0x00000000       0x10 Drivers/DriverTWIMaster.o
 .text.TWIMTransactionFinished
                0x00000000        0x6 Drivers/DriverTWIMaster.o
 .text          0x00000000        0x0 Drivers/DriverUSART.o
 .data          0x00000000        0x0 Drivers/DriverUSART.o
 .bss           0x00000000        0x0 Drivers/DriverUSART.o
 .text          0x00000000        0x0 FreeRTOS/heap_2.o
 .data          0x00000000        0x0 FreeRTOS/heap_2.o
 .bss           0x00000000        0x0 FreeRTOS/heap_2.o
 .text.xPortGetFreeHeapSize
                0x00000000        0xa FreeRTOS/heap_2.o
 .text.vPortInitialiseBlocks
                0x00000000        0x2 FreeRTOS/heap_2.o
 .text          0x00000000        0x0 FreeRTOS/list.o
 .data          0x00000000        0x0 FreeRTOS/list.o
 .bss           0x00000000        0x0 FreeRTOS/list.o
 .text          0x00000000        0x0 FreeRTOS/port.o
 .data          0x00000000        0x0 FreeRTOS/port.o
 .bss           0x00000000        0x0 FreeRTOS/port.o
 .text.vPortEndScheduler
                0x00000000        0x2 FreeRTOS/port.o
 .text.vPortYieldISR
                0x00000000       0x48 FreeRTOS/port.o
 .text          0x00000000        0x0 FreeRTOS/queue.o
 .data          0x00000000        0x0 FreeRTOS/queue.o
 .bss           0x00000000        0x0 FreeRTOS/queue.o
 .text.prvCopyDataToQueue
                0x00000000       0xb4 FreeRTOS/queue.o
 .text.prvCopyDataFromQueue
                0x00000000       0x30 FreeRTOS/queue.o
 .text.prvUnlockQueue
                0x00000000       0xa6 FreeRTOS/queue.o
 .rodata.str1.1
                0x00000000       0x14 FreeRTOS/queue.o
 .text.xQueueGenericReset
                0x00000000       0x9a FreeRTOS/queue.o
 .text.xQueueGenericCreate
                0x00000000       0x88 FreeRTOS/queue.o
 .text.xQueueGenericSend
                0x00000000      0x19e FreeRTOS/queue.o
 .text.xQueueCreateMutex
                0x00000000       0x34 FreeRTOS/queue.o
 .text.xQueueGenericSendFromISR
                0x00000000       0xb6 FreeRTOS/queue.o
 .text.xQueueGiveFromISR
                0x00000000       0xa6 FreeRTOS/queue.o
 .text.xQueueReceive
                0x00000000      0x17a FreeRTOS/queue.o
 .text.xQueueSemaphoreTake
                0x00000000      0x1f4 FreeRTOS/queue.o
 .text.xQueuePeek
                0x00000000      0x17a FreeRTOS/queue.o
 .text.xQueueReceiveFromISR
                0x00000000       0x96 FreeRTOS/queue.o
 .text.xQueuePeekFromISR
                0x00000000       0x86 FreeRTOS/queue.o
 .text.uxQueueMessagesWaiting
                0x00000000       0x2a FreeRTOS/queue.o
 .text.uxQueueSpacesAvailable
                0x00000000       0x2e FreeRTOS/queue.o
 .text.uxQueueMessagesWaitingFromISR
                0x00000000       0x26 FreeRTOS/queue.o
 .text.vQueueDelete
                0x00000000       0x2a FreeRTOS/queue.o
 .text.uxQueueGetQueueNumber
                0x00000000        0x6 FreeRTOS/queue.o
 .text.vQueueSetQueueNumber
                0x00000000        0x6 FreeRTOS/queue.o
 .text.ucQueueGetQueueType
                0x00000000        0x6 FreeRTOS/queue.o
 .text.xQueueIsQueueEmptyFromISR
                0x00000000       0x26 FreeRTOS/queue.o
 .text.xQueueIsQueueFullFromISR
                0x00000000       0x28 FreeRTOS/queue.o
 .text.xQueueCRSend
                0x00000000       0x72 FreeRTOS/queue.o
 .text.xQueueCRReceive
                0x00000000       0x8e FreeRTOS/queue.o
 .text.xQueueCRSendFromISR
                0x00000000       0x4c FreeRTOS/queue.o
 .text.xQueueCRReceiveFromISR
                0x00000000       0x80 FreeRTOS/queue.o
 .debug_info    0x00000000     0x1f0e FreeRTOS/queue.o
 .debug_abbrev  0x00000000      0x2fb FreeRTOS/queue.o
 .debug_loc     0x00000000     0x2be0 FreeRTOS/queue.o
 .debug_aranges
                0x00000000       0xf0 FreeRTOS/queue.o
 .debug_ranges  0x00000000      0x1f8 FreeRTOS/queue.o
 .debug_line    0x00000000      0xf9e FreeRTOS/queue.o
 .debug_str     0x00000000      0x9e7 FreeRTOS/queue.o
 .comment       0x00000000       0x31 FreeRTOS/queue.o
 .debug_frame   0x00000000      0x3f8 FreeRTOS/queue.o
 .text          0x00000000        0x0 FreeRTOS/tasks.o
 .data          0x00000000        0x0 FreeRTOS/tasks.o
 .bss           0x00000000        0x0 FreeRTOS/tasks.o
 .text.prvWriteNameToBuffer
                0x00000000       0x46 FreeRTOS/tasks.o
 .text.prvTaskIsTaskSuspended
                0x00000000       0x3e FreeRTOS/tasks.o
 .text.vTaskDelete
                0x00000000       0xec FreeRTOS/tasks.o
 .text.eTaskGetState
                0x00000000       0x98 FreeRTOS/tasks.o
 .text.vTaskSuspend
                0x00000000       0xfa FreeRTOS/tasks.o
 .text.vTaskResume
                0x00000000       0xa0 FreeRTOS/tasks.o
 .text.xTaskResumeFromISR
                0x00000000       0xbc FreeRTOS/tasks.o
 .text.vTaskEndScheduler
                0x00000000        0xa FreeRTOS/tasks.o
 .text.xTaskGetTickCount
                0x00000000       0x14 FreeRTOS/tasks.o
 .text.xTaskGetTickCountFromISR
                0x00000000        0xa FreeRTOS/tasks.o
 .text.uxTaskGetNumberOfTasks
                0x00000000        0x6 FreeRTOS/tasks.o
 .text.pcTaskGetName
                0x00000000       0x36 FreeRTOS/tasks.o
 .text.xTaskGetIdleTaskHandle
                0x00000000       0x24 FreeRTOS/tasks.o
 .text.vTaskDelayUntil
                0x00000000       0xac FreeRTOS/tasks.o
 .text.vTaskSetApplicationTaskTag
                0x00000000       0x20 FreeRTOS/tasks.o
 .text.xTaskGetApplicationTaskTag
                0x00000000       0x20 FreeRTOS/tasks.o
 .text.xTaskCallApplicationTaskHook
                0x00000000       0x24 FreeRTOS/tasks.o
 .text.vTaskPlaceOnEventList
                0x00000000       0x40 FreeRTOS/tasks.o
 .text.vTaskPlaceOnUnorderedEventList
                0x00000000       0x6c FreeRTOS/tasks.o
 .text.xTaskRemoveFromEventList
                0x00000000       0xae FreeRTOS/tasks.o
 .text.vTaskRemoveFromUnorderedEventList
                0x00000000       0x9e FreeRTOS/tasks.o
 .text.vTaskSetTimeOutState
                0x00000000       0x3a FreeRTOS/tasks.o
 .text.vTaskInternalSetTimeOutState
                0x00000000       0x16 FreeRTOS/tasks.o
 .text.xTaskCheckForTimeOut
                0x00000000       0xae FreeRTOS/tasks.o
 .text.vTaskMissedYield
                0x00000000        0x8 FreeRTOS/tasks.o
 .text.uxTaskGetTaskNumber
                0x00000000        0xe FreeRTOS/tasks.o
 .text.vTaskSetTaskNumber
                0x00000000        0xa FreeRTOS/tasks.o
 .text.vTaskGetInfo
                0x00000000       0xfc FreeRTOS/tasks.o
 .text.prvListTasksWithinSingleList.part.6
                0x00000000       0xc4 FreeRTOS/tasks.o
 .text.uxTaskGetSystemState
                0x00000000      0x174 FreeRTOS/tasks.o
 .text.xTaskGetCurrentTaskHandle
                0x00000000        0xa FreeRTOS/tasks.o
 .text.xTaskPriorityInherit
                0x00000000       0xe6 FreeRTOS/tasks.o
 .text.xTaskPriorityDisinherit
                0x00000000       0xae FreeRTOS/tasks.o
 .text.vTaskPriorityDisinheritAfterTimeout
                0x00000000       0xde FreeRTOS/tasks.o
 .text.vTaskList
                0x00000000      0x10a FreeRTOS/tasks.o
 .text.vTaskGetRunTimeStats
                0x00000000      0x16c FreeRTOS/tasks.o
 .text.uxTaskResetEventItemValue
                0x00000000       0x2e FreeRTOS/tasks.o
 .text.pvTaskIncrementMutexHeldCount
                0x00000000       0x24 FreeRTOS/tasks.o
 .text.ulTaskNotifyTake
                0x00000000       0xa8 FreeRTOS/tasks.o
 .text.xTaskNotifyWait
                0x00000000      0x10c FreeRTOS/tasks.o
 .text.xTaskGenericNotify
                0x00000000      0x162 FreeRTOS/tasks.o
 .text.xTaskGenericNotifyFromISR
                0x00000000      0x184 FreeRTOS/tasks.o
 .text.vTaskNotifyGiveFromISR
                0x00000000       0xe8 FreeRTOS/tasks.o
 .text.xTaskNotifyStateClear
                0x00000000       0x2e FreeRTOS/tasks.o
 .rodata.CSWTCH.227
                0x00000000        0x5 FreeRTOS/tasks.o
 .text          0x00000000        0x0 FreeRTOS/timers.o
 .data          0x00000000        0x0 FreeRTOS/timers.o
 .bss           0x00000000        0x0 FreeRTOS/timers.o
 .debug_info    0x00000000       0x64 FreeRTOS/timers.o
 .debug_abbrev  0x00000000       0x26 FreeRTOS/timers.o
 .debug_aranges
                0x00000000       0x18 FreeRTOS/timers.o
 .debug_line    0x00000000       0x1a FreeRTOS/timers.o
 .debug_str     0x00000000      0x1d7 FreeRTOS/timers.o
 .comment       0x00000000       0x31 FreeRTOS/timers.o
 .text          0x00000000        0x0 hooks.o
 .data          0x00000000        0x0 hooks.o
 .bss           0x00000000        0x0 hooks.o
 .text          0x00000000        0x0 main.o
 .data          0x00000000        0x0 main.o
 .bss           0x00000000        0x0 main.o
 .text          0x00000000        0x0 Tasks/transfertask.o
 .data          0x00000000        0x0 Tasks/transfertask.o
 .bss           0x00000000        0x0 Tasks/transfertask.o
 .text          0x00000000        0x0 ../Drivers\libDriverPower.a(DriverPower.o)
 .data          0x00000000        0x0 ../Drivers\libDriverPower.a(DriverPower.o)
 .bss           0x00000000        0x0 ../Drivers\libDriverPower.a(DriverPower.o)
 .text          0x00000000        0x0 c:/program files (x86)/atmel/studio/7.0/toolchain/avr8/avr8-gnu-toolchain/bin/../lib/gcc/avr/5.4.0/../../../../avr/lib/avrxmega6\libprintf_flt.a(vfprintf_flt.o)
 .data          0x00000000        0x0 c:/program files (x86)/atmel/studio/7.0/toolchain/avr8/avr8-gnu-toolchain/bin/../lib/gcc/avr/5.4.0/../../../../avr/lib/avrxmega6\libprintf_flt.a(vfprintf_flt.o)
 .bss           0x00000000        0x0 c:/program files (x86)/atmel/studio/7.0/toolchain/avr8/avr8-gnu-toolchain/bin/../lib/gcc/avr/5.4.0/../../../../avr/lib/avrxmega6\libprintf_flt.a(vfprintf_flt.o)
 .text          0x00000000        0x0 c:/program files (x86)/atmel/studio/7.0/toolchain/avr8/avr8-gnu-toolchain/bin/../lib/gcc/avr/5.4.0/avrxmega6\libgcc.a(_udivmodhi4.o)
 .data          0x00000000        0x0 c:/program files (x86)/atmel/studio/7.0/toolchain/avr8/avr8-gnu-toolchain/bin/../lib/gcc/avr/5.4.0/avrxmega6\libgcc.a(_udivmodhi4.o)
 .bss           0x00000000        0x0 c:/program files (x86)/atmel/studio/7.0/toolchain/avr8/avr8-gnu-toolchain/bin/../lib/gcc/avr/5.4.0/avrxmega6\libgcc.a(_udivmodhi4.o)
 .text.libgcc.mul
                0x00000000        0x0 c:/program files (x86)/atmel/studio/7.0/toolchain/avr8/avr8-gnu-toolchain/bin/../lib/gcc/avr/5.4.0/avrxmega6\libgcc.a(_udivmodhi4.o)
 .text.libgcc   0x00000000        0x0 c:/program files (x86)/atmel/studio/7.0/toolchain/avr8/avr8-gnu-toolchain/bin/../lib/gcc/avr/5.4.0/avrxmega6\libgcc.a(_udivmodhi4.o)
 .text.libgcc.prologue
                0x00000000        0x0 c:/program files (x86)/atmel/studio/7.0/toolchain/avr8/avr8-gnu-toolchain/bin/../lib/gcc/avr/5.4.0/avrxmega6\libgcc.a(_udivmodhi4.o)
 .text.libgcc.builtins
                0x00000000        0x0 c:/program files (x86)/atmel/studio/7.0/toolchain/avr8/avr8-gnu-toolchain/bin/../lib/gcc/avr/5.4.0/avrxmega6\libgcc.a(_udivmodhi4.o)
 .text.libgcc.fmul
                0x00000000        0x0 c:/program files (x86)/atmel/studio/7.0/toolchain/avr8/avr8-gnu-toolchain/bin/../lib/gcc/avr/5.4.0/avrxmega6\libgcc.a(_udivmodhi4.o)
 .text.libgcc.fixed
                0x00000000        0x0 c:/program files (x86)/atmel/studio/7.0/toolchain/avr8/avr8-gnu-toolchain/bin/../lib/gcc/avr/5.4.0/avrxmega6\libgcc.a(_udivmodhi4.o)
 .text          0x00000000        0x0 c:/program files (x86)/atmel/studio/7.0/toolchain/avr8/avr8-gnu-toolchain/bin/../lib/gcc/avr/5.4.0/avrxmega6\libgcc.a(_divmodhi4.o)
 .data          0x00000000        0x0 c:/program files (x86)/atmel/studio/7.0/toolchain/avr8/avr8-gnu-toolchain/bin/../lib/gcc/avr/5.4.0/avrxmega6\libgcc.a(_divmodhi4.o)
 .bss           0x00000000        0x0 c:/program files (x86)/atmel/studio/7.0/toolchain/avr8/avr8-gnu-toolchain/bin/../lib/gcc/avr/5.4.0/avrxmega6\libgcc.a(_divmodhi4.o)
 .text.libgcc.mul
                0x00000000        0x0 c:/program files (x86)/atmel/studio/7.0/toolchain/avr8/avr8-gnu-toolchain/bin/../lib/gcc/avr/5.4.0/avrxmega6\libgcc.a(_divmodhi4.o)
 .text.libgcc   0x00000000        0x0 c:/program files (x86)/atmel/studio/7.0/toolchain/avr8/avr8-gnu-toolchain/bin/../lib/gcc/avr/5.4.0/avrxmega6\libgcc.a(_divmodhi4.o)
 .text.libgcc.prologue
                0x00000000        0x0 c:/program files (x86)/atmel/studio/7.0/toolchain/avr8/avr8-gnu-toolchain/bin/../lib/gcc/avr/5.4.0/avrxmega6\libgcc.a(_divmodhi4.o)
 .text.libgcc.builtins
                0x00000000        0x0 c:/program files (x86)/atmel/studio/7.0/toolchain/avr8/avr8-gnu-toolchain/bin/../lib/gcc/avr/5.4.0/avrxmega6\libgcc.a(_divmodhi4.o)
 .text.libgcc.fmul
                0x00000000        0x0 c:/program files (x86)/atmel/studio/7.0/toolchain/avr8/avr8-gnu-toolchain/bin/../lib/gcc/avr/5.4.0/avrxmega6\libgcc.a(_divmodhi4.o)
 .text.libgcc.fixed
                0x00000000        0x0 c:/program files (x86)/atmel/studio/7.0/toolchain/avr8/avr8-gnu-toolchain/bin/../lib/gcc/avr/5.4.0/avrxmega6\libgcc.a(_divmodhi4.o)
 .text          0x00000000        0x0 c:/program files (x86)/atmel/studio/7.0/toolchain/avr8/avr8-gnu-toolchain/bin/../lib/gcc/avr/5.4.0/avrxmega6\libgcc.a(_udivmodsi4.o)
 .data          0x00000000        0x0 c:/program files (x86)/atmel/studio/7.0/toolchain/avr8/avr8-gnu-toolchain/bin/../lib/gcc/avr/5.4.0/avrxmega6\libgcc.a(_udivmodsi4.o)
 .bss           0x00000000        0x0 c:/program files (x86)/atmel/studio/7.0/toolchain/avr8/avr8-gnu-toolchain/bin/../lib/gcc/avr/5.4.0/avrxmega6\libgcc.a(_udivmodsi4.o)
 .text.libgcc.mul
                0x00000000        0x0 c:/program files (x86)/atmel/studio/7.0/toolchain/avr8/avr8-gnu-toolchain/bin/../lib/gcc/avr/5.4.0/avrxmega6\libgcc.a(_udivmodsi4.o)
 .text.libgcc.div
                0x00000000       0x44 c:/program files (x86)/atmel/studio/7.0/toolchain/avr8/avr8-gnu-toolchain/bin/../lib/gcc/avr/5.4.0/avrxmega6\libgcc.a(_udivmodsi4.o)
 .text.libgcc   0x00000000        0x0 c:/program files (x86)/atmel/studio/7.0/toolchain/avr8/avr8-gnu-toolchain/bin/../lib/gcc/avr/5.4.0/avrxmega6\libgcc.a(_udivmodsi4.o)
 .text.libgcc.prologue
                0x00000000        0x0 c:/program files (x86)/atmel/studio/7.0/toolchain/avr8/avr8-gnu-toolchain/bin/../lib/gcc/avr/5.4.0/avrxmega6\libgcc.a(_udivmodsi4.o)
 .text.libgcc.builtins
                0x00000000        0x0 c:/program files (x86)/atmel/studio/7.0/toolchain/avr8/avr8-gnu-toolchain/bin/../lib/gcc/avr/5.4.0/avrxmega6\libgcc.a(_udivmodsi4.o)
 .text.libgcc.fmul
                0x00000000        0x0 c:/program files (x86)/atmel/studio/7.0/toolchain/avr8/avr8-gnu-toolchain/bin/../lib/gcc/avr/5.4.0/avrxmega6\libgcc.a(_udivmodsi4.o)
 .text.libgcc.fixed
                0x00000000        0x0 c:/program files (x86)/atmel/studio/7.0/toolchain/avr8/avr8-gnu-toolchain/bin/../lib/gcc/avr/5.4.0/avrxmega6\libgcc.a(_udivmodsi4.o)
 .text          0x00000000        0x0 c:/program files (x86)/atmel/studio/7.0/toolchain/avr8/avr8-gnu-toolchain/bin/../lib/gcc/avr/5.4.0/avrxmega6\libgcc.a(_exit.o)
 .data          0x00000000        0x0 c:/program files (x86)/atmel/studio/7.0/toolchain/avr8/avr8-gnu-toolchain/bin/../lib/gcc/avr/5.4.0/avrxmega6\libgcc.a(_exit.o)
 .bss           0x00000000        0x0 c:/program files (x86)/atmel/studio/7.0/toolchain/avr8/avr8-gnu-toolchain/bin/../lib/gcc/avr/5.4.0/avrxmega6\libgcc.a(_exit.o)
 .text.libgcc.mul
                0x00000000        0x0 c:/program files (x86)/atmel/studio/7.0/toolchain/avr8/avr8-gnu-toolchain/bin/../lib/gcc/avr/5.4.0/avrxmega6\libgcc.a(_exit.o)
 .text.libgcc.div
                0x00000000        0x0 c:/program files (x86)/atmel/studio/7.0/toolchain/avr8/avr8-gnu-toolchain/bin/../lib/gcc/avr/5.4.0/avrxmega6\libgcc.a(_exit.o)
 .text.libgcc   0x00000000        0x0 c:/program files (x86)/atmel/studio/7.0/toolchain/avr8/avr8-gnu-toolchain/bin/../lib/gcc/avr/5.4.0/avrxmega6\libgcc.a(_exit.o)
 .text.libgcc.prologue
                0x00000000        0x0 c:/program files (x86)/atmel/studio/7.0/toolchain/avr8/avr8-gnu-toolchain/bin/../lib/gcc/avr/5.4.0/avrxmega6\libgcc.a(_exit.o)
 .text.libgcc.builtins
                0x00000000        0x0 c:/program files (x86)/atmel/studio/7.0/toolchain/avr8/avr8-gnu-toolchain/bin/../lib/gcc/avr/5.4.0/avrxmega6\libgcc.a(_exit.o)
 .text.libgcc.fmul
                0x00000000        0x0 c:/program files (x86)/atmel/studio/7.0/toolchain/avr8/avr8-gnu-toolchain/bin/../lib/gcc/avr/5.4.0/avrxmega6\libgcc.a(_exit.o)
 .text.libgcc.fixed
                0x00000000        0x0 c:/program files (x86)/atmel/studio/7.0/toolchain/avr8/avr8-gnu-toolchain/bin/../lib/gcc/avr/5.4.0/avrxmega6\libgcc.a(_exit.o)
 .text          0x00000000        0x0 c:/program files (x86)/atmel/studio/7.0/toolchain/avr8/avr8-gnu-toolchain/bin/../lib/gcc/avr/5.4.0/avrxmega6\libgcc.a(_copy_data.o)
 .data          0x00000000        0x0 c:/program files (x86)/atmel/studio/7.0/toolchain/avr8/avr8-gnu-toolchain/bin/../lib/gcc/avr/5.4.0/avrxmega6\libgcc.a(_copy_data.o)
 .bss           0x00000000        0x0 c:/program files (x86)/atmel/studio/7.0/toolchain/avr8/avr8-gnu-toolchain/bin/../lib/gcc/avr/5.4.0/avrxmega6\libgcc.a(_copy_data.o)
 .text.libgcc.mul
                0x00000000        0x0 c:/program files (x86)/atmel/studio/7.0/toolchain/avr8/avr8-gnu-toolchain/bin/../lib/gcc/avr/5.4.0/avrxmega6\libgcc.a(_copy_data.o)
 .text.libgcc.div
                0x00000000        0x0 c:/program files (x86)/atmel/studio/7.0/toolchain/avr8/avr8-gnu-toolchain/bin/../lib/gcc/avr/5.4.0/avrxmega6\libgcc.a(_copy_data.o)
 .text.libgcc   0x00000000        0x0 c:/program files (x86)/atmel/studio/7.0/toolchain/avr8/avr8-gnu-toolchain/bin/../lib/gcc/avr/5.4.0/avrxmega6\libgcc.a(_copy_data.o)
 .text.libgcc.prologue
                0x00000000        0x0 c:/program files (x86)/atmel/studio/7.0/toolchain/avr8/avr8-gnu-toolchain/bin/../lib/gcc/avr/5.4.0/avrxmega6\libgcc.a(_copy_data.o)
 .text.libgcc.builtins
                0x00000000        0x0 c:/program files (x86)/atmel/studio/7.0/toolchain/avr8/avr8-gnu-toolchain/bin/../lib/gcc/avr/5.4.0/avrxmega6\libgcc.a(_copy_data.o)
 .text.libgcc.fmul
                0x00000000        0x0 c:/program files (x86)/atmel/studio/7.0/toolchain/avr8/avr8-gnu-toolchain/bin/../lib/gcc/avr/5.4.0/avrxmega6\libgcc.a(_copy_data.o)
 .text.libgcc.fixed
                0x00000000        0x0 c:/program files (x86)/atmel/studio/7.0/toolchain/avr8/avr8-gnu-toolchain/bin/../lib/gcc/avr/5.4.0/avrxmega6\libgcc.a(_copy_data.o)
 .text          0x00000000        0x0 c:/program files (x86)/atmel/studio/7.0/toolchain/avr8/avr8-gnu-toolchain/bin/../lib/gcc/avr/5.4.0/avrxmega6\libgcc.a(_clear_bss.o)
 .data          0x00000000        0x0 c:/program files (x86)/atmel/studio/7.0/toolchain/avr8/avr8-gnu-toolchain/bin/../lib/gcc/avr/5.4.0/avrxmega6\libgcc.a(_clear_bss.o)
 .bss           0x00000000        0x0 c:/program files (x86)/atmel/studio/7.0/toolchain/avr8/avr8-gnu-toolchain/bin/../lib/gcc/avr/5.4.0/avrxmega6\libgcc.a(_clear_bss.o)
 .text.libgcc.mul
                0x00000000        0x0 c:/program files (x86)/atmel/studio/7.0/toolchain/avr8/avr8-gnu-toolchain/bin/../lib/gcc/avr/5.4.0/avrxmega6\libgcc.a(_clear_bss.o)
 .text.libgcc.div
                0x00000000        0x0 c:/program files (x86)/atmel/studio/7.0/toolchain/avr8/avr8-gnu-toolchain/bin/../lib/gcc/avr/5.4.0/avrxmega6\libgcc.a(_clear_bss.o)
 .text.libgcc   0x00000000        0x0 c:/program files (x86)/atmel/studio/7.0/toolchain/avr8/avr8-gnu-toolchain/bin/../lib/gcc/avr/5.4.0/avrxmega6\libgcc.a(_clear_bss.o)
 .text.libgcc.prologue
                0x00000000        0x0 c:/program files (x86)/atmel/studio/7.0/toolchain/avr8/avr8-gnu-toolchain/bin/../lib/gcc/avr/5.4.0/avrxmega6\libgcc.a(_clear_bss.o)
 .text.libgcc.builtins
                0x00000000        0x0 c:/program files (x86)/atmel/studio/7.0/toolchain/avr8/avr8-gnu-toolchain/bin/../lib/gcc/avr/5.4.0/avrxmega6\libgcc.a(_clear_bss.o)
 .text.libgcc.fmul
                0x00000000        0x0 c:/program files (x86)/atmel/studio/7.0/toolchain/avr8/avr8-gnu-toolchain/bin/../lib/gcc/avr/5.4.0/avrxmega6\libgcc.a(_clear_bss.o)
 .text.libgcc.fixed
                0x00000000        0x0 c:/program files (x86)/atmel/studio/7.0/toolchain/avr8/avr8-gnu-toolchain/bin/../lib/gcc/avr/5.4.0/avrxmega6\libgcc.a(_clear_bss.o)
 .text          0x00000000        0x0 c:/program files (x86)/atmel/studio/7.0/toolchain/avr8/avr8-gnu-toolchain/bin/../lib/gcc/avr/5.4.0/avrxmega6\libgcc.a(_umulhisi3.o)
 .data          0x00000000        0x0 c:/program files (x86)/atmel/studio/7.0/toolchain/avr8/avr8-gnu-toolchain/bin/../lib/gcc/avr/5.4.0/avrxmega6\libgcc.a(_umulhisi3.o)
 .bss           0x00000000        0x0 c:/program files (x86)/atmel/studio/7.0/toolchain/avr8/avr8-gnu-toolchain/bin/../lib/gcc/avr/5.4.0/avrxmega6\libgcc.a(_umulhisi3.o)
 .text.libgcc.div
                0x00000000        0x0 c:/program files (x86)/atmel/studio/7.0/toolchain/avr8/avr8-gnu-toolchain/bin/../lib/gcc/avr/5.4.0/avrxmega6\libgcc.a(_umulhisi3.o)
 .text.libgcc   0x00000000        0x0 c:/program files (x86)/atmel/studio/7.0/toolchain/avr8/avr8-gnu-toolchain/bin/../lib/gcc/avr/5.4.0/avrxmega6\libgcc.a(_umulhisi3.o)
 .text.libgcc.prologue
                0x00000000        0x0 c:/program files (x86)/atmel/studio/7.0/toolchain/avr8/avr8-gnu-toolchain/bin/../lib/gcc/avr/5.4.0/avrxmega6\libgcc.a(_umulhisi3.o)
 .text.libgcc.builtins
                0x00000000        0x0 c:/program files (x86)/atmel/studio/7.0/toolchain/avr8/avr8-gnu-toolchain/bin/../lib/gcc/avr/5.4.0/avrxmega6\libgcc.a(_umulhisi3.o)
 .text.libgcc.fmul
                0x00000000        0x0 c:/program files (x86)/atmel/studio/7.0/toolchain/avr8/avr8-gnu-toolchain/bin/../lib/gcc/avr/5.4.0/avrxmega6\libgcc.a(_umulhisi3.o)
 .text.libgcc.fixed
                0x00000000        0x0 c:/program files (x86)/atmel/studio/7.0/toolchain/avr8/avr8-gnu-toolchain/bin/../lib/gcc/avr/5.4.0/avrxmega6\libgcc.a(_umulhisi3.o)
 .text          0x00000000        0x0 c:/program files (x86)/atmel/studio/7.0/toolchain/avr8/avr8-gnu-toolchain/bin/../lib/gcc/avr/5.4.0/../../../../avr/lib/avrxmega6\libc.a(malloc.o)
 .bss           0x00000000        0x0 c:/program files (x86)/atmel/studio/7.0/toolchain/avr8/avr8-gnu-toolchain/bin/../lib/gcc/avr/5.4.0/../../../../avr/lib/avrxmega6\libc.a(malloc.o)
 .text          0x00000000        0x0 c:/program files (x86)/atmel/studio/7.0/toolchain/avr8/avr8-gnu-toolchain/bin/../lib/gcc/avr/5.4.0/../../../../avr/lib/avrxmega6\libc.a(ftoa_engine.o)
 .data          0x00000000        0x0 c:/program files (x86)/atmel/studio/7.0/toolchain/avr8/avr8-gnu-toolchain/bin/../lib/gcc/avr/5.4.0/../../../../avr/lib/avrxmega6\libc.a(ftoa_engine.o)
 .bss           0x00000000        0x0 c:/program files (x86)/atmel/studio/7.0/toolchain/avr8/avr8-gnu-toolchain/bin/../lib/gcc/avr/5.4.0/../../../../avr/lib/avrxmega6\libc.a(ftoa_engine.o)
 .text          0x00000000        0x0 c:/program files (x86)/atmel/studio/7.0/toolchain/avr8/avr8-gnu-toolchain/bin/../lib/gcc/avr/5.4.0/../../../../avr/lib/avrxmega6\libc.a(strnlen_P.o)
 .data          0x00000000        0x0 c:/program files (x86)/atmel/studio/7.0/toolchain/avr8/avr8-gnu-toolchain/bin/../lib/gcc/avr/5.4.0/../../../../avr/lib/avrxmega6\libc.a(strnlen_P.o)
 .bss           0x00000000        0x0 c:/program files (x86)/atmel/studio/7.0/toolchain/avr8/avr8-gnu-toolchain/bin/../lib/gcc/avr/5.4.0/../../../../avr/lib/avrxmega6\libc.a(strnlen_P.o)
 .text          0x00000000        0x0 c:/program files (x86)/atmel/studio/7.0/toolchain/avr8/avr8-gnu-toolchain/bin/../lib/gcc/avr/5.4.0/../../../../avr/lib/avrxmega6\libc.a(memcpy.o)
 .data          0x00000000        0x0 c:/program files (x86)/atmel/studio/7.0/toolchain/avr8/avr8-gnu-toolchain/bin/../lib/gcc/avr/5.4.0/../../../../avr/lib/avrxmega6\libc.a(memcpy.o)
 .bss           0x00000000        0x0 c:/program files (x86)/atmel/studio/7.0/toolchain/avr8/avr8-gnu-toolchain/bin/../lib/gcc/avr/5.4.0/../../../../avr/lib/avrxmega6\libc.a(memcpy.o)
 .text.avr-libc
                0x00000000       0x12 c:/program files (x86)/atmel/studio/7.0/toolchain/avr8/avr8-gnu-toolchain/bin/../lib/gcc/avr/5.4.0/../../../../avr/lib/avrxmega6\libc.a(memcpy.o)
 .text          0x00000000        0x0 c:/program files (x86)/atmel/studio/7.0/toolchain/avr8/avr8-gnu-toolchain/bin/../lib/gcc/avr/5.4.0/../../../../avr/lib/avrxmega6\libc.a(memset.o)
 .data          0x00000000        0x0 c:/program files (x86)/atmel/studio/7.0/toolchain/avr8/avr8-gnu-toolchain/bin/../lib/gcc/avr/5.4.0/../../../../avr/lib/avrxmega6\libc.a(memset.o)
 .bss           0x00000000        0x0 c:/program files (x86)/atmel/studio/7.0/toolchain/avr8/avr8-gnu-toolchain/bin/../lib/gcc/avr/5.4.0/../../../../avr/lib/avrxmega6\libc.a(memset.o)
 .text          0x00000000        0x0 c:/program files (x86)/atmel/studio/7.0/toolchain/avr8/avr8-gnu-toolchain/bin/../lib/gcc/avr/5.4.0/../../../../avr/lib/avrxmega6\libc.a(strcpy.o)
 .data          0x00000000        0x0 c:/program files (x86)/atmel/studio/7.0/toolchain/avr8/avr8-gnu-toolchain/bin/../lib/gcc/avr/5.4.0/../../../../avr/lib/avrxmega6\libc.a(strcpy.o)
 .bss           0x00000000        0x0 c:/program files (x86)/atmel/studio/7.0/toolchain/avr8/avr8-gnu-toolchain/bin/../lib/gcc/avr/5.4.0/../../../../avr/lib/avrxmega6\libc.a(strcpy.o)
 .text.avr-libc
                0x00000000        0xe c:/program files (x86)/atmel/studio/7.0/toolchain/avr8/avr8-gnu-toolchain/bin/../lib/gcc/avr/5.4.0/../../../../avr/lib/avrxmega6\libc.a(strcpy.o)
 .text          0x00000000        0x0 c:/program files (x86)/atmel/studio/7.0/toolchain/avr8/avr8-gnu-toolchain/bin/../lib/gcc/avr/5.4.0/../../../../avr/lib/avrxmega6\libc.a(strnlen.o)
 .data          0x00000000        0x0 c:/program files (x86)/atmel/studio/7.0/toolchain/avr8/avr8-gnu-toolchain/bin/../lib/gcc/avr/5.4.0/../../../../avr/lib/avrxmega6\libc.a(strnlen.o)
 .bss           0x00000000        0x0 c:/program files (x86)/atmel/studio/7.0/toolchain/avr8/avr8-gnu-toolchain/bin/../lib/gcc/avr/5.4.0/../../../../avr/lib/avrxmega6\libc.a(strnlen.o)
 .text          0x00000000        0x0 c:/program files (x86)/atmel/studio/7.0/toolchain/avr8/avr8-gnu-toolchain/bin/../lib/gcc/avr/5.4.0/../../../../avr/lib/avrxmega6\libc.a(fputc.o)
 .data          0x00000000        0x0 c:/program files (x86)/atmel/studio/7.0/toolchain/avr8/avr8-gnu-toolchain/bin/../lib/gcc/avr/5.4.0/../../../../avr/lib/avrxmega6\libc.a(fputc.o)
 .bss           0x00000000        0x0 c:/program files (x86)/atmel/studio/7.0/toolchain/avr8/avr8-gnu-toolchain/bin/../lib/gcc/avr/5.4.0/../../../../avr/lib/avrxmega6\libc.a(fputc.o)
 .text          0x00000000        0x0 c:/program files (x86)/atmel/studio/7.0/toolchain/avr8/avr8-gnu-toolchain/bin/../lib/gcc/avr/5.4.0/../../../../avr/lib/avrxmega6\libc.a(iob.o)
 .data          0x00000000        0x0 c:/program files (x86)/atmel/studio/7.0/toolchain/avr8/avr8-gnu-toolchain/bin/../lib/gcc/avr/5.4.0/../../../../avr/lib/avrxmega6\libc.a(iob.o)
 .bss           0x00000000        0x0 c:/program files (x86)/atmel/studio/7.0/toolchain/avr8/avr8-gnu-toolchain/bin/../lib/gcc/avr/5.4.0/../../../../avr/lib/avrxmega6\libc.a(iob.o)
 .text          0x00000000        0x0 c:/program files (x86)/atmel/studio/7.0/toolchain/avr8/avr8-gnu-toolchain/bin/../lib/gcc/avr/5.4.0/../../../../avr/lib/avrxmega6\libc.a(printf.o)
 .data          0x00000000        0x0 c:/program files (x86)/atmel/studio/7.0/toolchain/avr8/avr8-gnu-toolchain/bin/../lib/gcc/avr/5.4.0/../../../../avr/lib/avrxmega6\libc.a(printf.o)
 .bss           0x00000000        0x0 c:/program files (x86)/atmel/studio/7.0/toolchain/avr8/avr8-gnu-toolchain/bin/../lib/gcc/avr/5.4.0/../../../../avr/lib/avrxmega6\libc.a(printf.o)
 .text          0x00000000        0x0 c:/program files (x86)/atmel/studio/7.0/toolchain/avr8/avr8-gnu-toolchain/bin/../lib/gcc/avr/5.4.0/../../../../avr/lib/avrxmega6\libc.a(puts.o)
 .data          0x00000000        0x0 c:/program files (x86)/atmel/studio/7.0/toolchain/avr8/avr8-gnu-toolchain/bin/../lib/gcc/avr/5.4.0/../../../../avr/lib/avrxmega6\libc.a(puts.o)
 .bss           0x00000000        0x0 c:/program files (x86)/atmel/studio/7.0/toolchain/avr8/avr8-gnu-toolchain/bin/../lib/gcc/avr/5.4.0/../../../../avr/lib/avrxmega6\libc.a(puts.o)
 .text.avr-libc
                0x00000000       0x60 c:/program files (x86)/atmel/studio/7.0/toolchain/avr8/avr8-gnu-toolchain/bin/../lib/gcc/avr/5.4.0/../../../../avr/lib/avrxmega6\libc.a(puts.o)
 .comment       0x00000000       0x31 c:/program files (x86)/atmel/studio/7.0/toolchain/avr8/avr8-gnu-toolchain/bin/../lib/gcc/avr/5.4.0/../../../../avr/lib/avrxmega6\libc.a(puts.o)
 .text          0x00000000        0x0 c:/program files (x86)/atmel/studio/7.0/toolchain/avr8/avr8-gnu-toolchain/bin/../lib/gcc/avr/5.4.0/../../../../avr/lib/avrxmega6\libc.a(sprintf.o)
 .data          0x00000000        0x0 c:/program files (x86)/atmel/studio/7.0/toolchain/avr8/avr8-gnu-toolchain/bin/../lib/gcc/avr/5.4.0/../../../../avr/lib/avrxmega6\libc.a(sprintf.o)
 .bss           0x00000000        0x0 c:/program files (x86)/atmel/studio/7.0/toolchain/avr8/avr8-gnu-toolchain/bin/../lib/gcc/avr/5.4.0/../../../../avr/lib/avrxmega6\libc.a(sprintf.o)
 .text.avr-libc
                0x00000000       0x52 c:/program files (x86)/atmel/studio/7.0/toolchain/avr8/avr8-gnu-toolchain/bin/../lib/gcc/avr/5.4.0/../../../../avr/lib/avrxmega6\libc.a(sprintf.o)
 .comment       0x00000000       0x31 c:/program files (x86)/atmel/studio/7.0/toolchain/avr8/avr8-gnu-toolchain/bin/../lib/gcc/avr/5.4.0/../../../../avr/lib/avrxmega6\libc.a(sprintf.o)
 .text          0x00000000        0x0 c:/program files (x86)/atmel/studio/7.0/toolchain/avr8/avr8-gnu-toolchain/bin/../lib/gcc/avr/5.4.0/../../../../avr/lib/avrxmega6\libc.a(ultoa_invert.o)
 .data          0x00000000        0x0 c:/program files (x86)/atmel/studio/7.0/toolchain/avr8/avr8-gnu-toolchain/bin/../lib/gcc/avr/5.4.0/../../../../avr/lib/avrxmega6\libc.a(ultoa_invert.o)
 .bss           0x00000000        0x0 c:/program files (x86)/atmel/studio/7.0/toolchain/avr8/avr8-gnu-toolchain/bin/../lib/gcc/avr/5.4.0/../../../../avr/lib/avrxmega6\libc.a(ultoa_invert.o)

Memory Configuration

Name             Origin             Length             Attributes
text             0x00000000         0x00100000         xr
data             0x00802000         0x0000ffa0         rw !x
eeprom           0x00810000         0x00010000         rw !x
fuse             0x00820000         0x00000006         rw !x
lock             0x00830000         0x00000400         rw !x
signature        0x00840000         0x00000400         rw !x
user_signatures  0x00850000         0x00000400         rw !x
*default*        0x00000000         0xffffffff

Linker script and memory map

LOAD C:/Program Files (x86)/Atmel/Studio/7.0/Packs/atmel/XMEGAC_DFP/1.1.50/gcc/dev/atxmega384c3/avrxmega6/crtatxmega384c3.o
LOAD Drivers/DriverAdps9960.o
LOAD Drivers/DriverDbgUSART.o
LOAD Drivers/DriverMPU6050.o
LOAD Drivers/DriverOled.o
LOAD Drivers/DriverSysClk.o
LOAD Drivers/DriverTWIMaster.o
LOAD Drivers/DriverUSART.o
LOAD FreeRTOS/heap_2.o
LOAD FreeRTOS/list.o
LOAD FreeRTOS/port.o
LOAD FreeRTOS/queue.o
LOAD FreeRTOS/tasks.o
LOAD FreeRTOS/timers.o
LOAD hooks.o
LOAD main.o
LOAD Tasks/transfertask.o
START GROUP
LOAD c:/program files (x86)/atmel/studio/7.0/toolchain/avr8/avr8-gnu-toolchain/bin/../lib/gcc/avr/5.4.0/../../../../avr/lib/avrxmega6\libm.a
LOAD ../Drivers\libDriverPower.a
LOAD c:/program files (x86)/atmel/studio/7.0/toolchain/avr8/avr8-gnu-toolchain/bin/../lib/gcc/avr/5.4.0/../../../../avr/lib/avrxmega6\libprintf_flt.a
END GROUP
START GROUP
LOAD c:/program files (x86)/atmel/studio/7.0/toolchain/avr8/avr8-gnu-toolchain/bin/../lib/gcc/avr/5.4.0/avrxmega6\libgcc.a
LOAD c:/program files (x86)/atmel/studio/7.0/toolchain/avr8/avr8-gnu-toolchain/bin/../lib/gcc/avr/5.4.0/../../../../avr/lib/avrxmega6\libm.a
LOAD c:/program files (x86)/atmel/studio/7.0/toolchain/avr8/avr8-gnu-toolchain/bin/../lib/gcc/avr/5.4.0/../../../../avr/lib/avrxmega6\libc.a
LOAD C:/Program Files (x86)/Atmel/Studio/7.0/Packs/atmel/XMEGAC_DFP/1.1.50/gcc/dev/atxmega384c3/avrxmega6\libatxmega384c3.a
END GROUP
                0x00000000                __TEXT_REGION_ORIGIN__ = DEFINED (__TEXT_REGION_ORIGIN__)?__TEXT_REGION_ORIGIN__:0x0
                0x00802000                __DATA_REGION_ORIGIN__ = DEFINED (__DATA_REGION_ORIGIN__)?__DATA_REGION_ORIGIN__:0x802000
                0x00100000                __TEXT_REGION_LENGTH__ = DEFINED (__TEXT_REGION_LENGTH__)?__TEXT_REGION_LENGTH__:0x100000
                0x0000ffa0                __DATA_REGION_LENGTH__ = DEFINED (__DATA_REGION_LENGTH__)?__DATA_REGION_LENGTH__:0xffa0
                0x00010000                __EEPROM_REGION_LENGTH__ = DEFINED (__EEPROM_REGION_LENGTH__)?__EEPROM_REGION_LENGTH__:0x10000
                [0x00000006]                __FUSE_REGION_LENGTH__ = DEFINED (__FUSE_REGION_LENGTH__)?__FUSE_REGION_LENGTH__:0x400
                0x00000400                __LOCK_REGION_LENGTH__ = DEFINED (__LOCK_REGION_LENGTH__)?__LOCK_REGION_LENGTH__:0x400
                0x00000400                __SIGNATURE_REGION_LENGTH__ = DEFINED (__SIGNATURE_REGION_LENGTH__)?__SIGNATURE_REGION_LENGTH__:0x400
                0x00000400                __USER_SIGNATURE_REGION_LENGTH__ = DEFINED (__USER_SIGNATURE_REGION_LENGTH__)?__USER_SIGNATURE_REGION_LENGTH__:0x400

.hash
 *(.hash)

.dynsym
 *(.dynsym)

.dynstr
 *(.dynstr)

.gnu.version
 *(.gnu.version)

.gnu.version_d
 *(.gnu.version_d)

.gnu.version_r
 *(.gnu.version_r)

.rel.init
 *(.rel.init)

.rela.init
 *(.rela.init)

.rel.text
 *(.rel.text)
 *(.rel.text.*)
 *(.rel.gnu.linkonce.t*)

.rela.text
 *(.rela.text)
 *(.rela.text.*)
 *(.rela.gnu.linkonce.t*)

.rel.fini
 *(.rel.fini)

.rela.fini
 *(.rela.fini)

.rel.rodata
 *(.rel.rodata)
 *(.rel.rodata.*)
 *(.rel.gnu.linkonce.r*)

.rela.rodata
 *(.rela.rodata)
 *(.rela.rodata.*)
 *(.rela.gnu.linkonce.r*)

.rel.data
 *(.rel.data)
 *(.rel.data.*)
 *(.rel.gnu.linkonce.d*)

.rela.data
 *(.rela.data)
 *(.rela.data.*)
 *(.rela.gnu.linkonce.d*)

.rel.ctors
 *(.rel.ctors)

.rela.ctors
 *(.rela.ctors)

.rel.dtors
 *(.rel.dtors)

.rela.dtors
 *(.rela.dtors)

.rel.got
 *(.rel.got)

.rela.got
 *(.rela.got)

.rel.bss
 *(.rel.bss)

.rela.bss
 *(.rela.bss)

.rel.plt
 *(.rel.plt)

.rela.plt
 *(.rela.plt)

.text           0x00000000     0x24be
 *(.vectors)
 .vectors       0x00000000      0x1fc C:/Program Files (x86)/Atmel/Studio/7.0/Packs/atmel/XMEGAC_DFP/1.1.50/gcc/dev/atxmega384c3/avrxmega6/crtatxmega384c3.o
                0x00000000                __vector_default
                0x00000000                __vectors
 *(.vectors)
 *(.progmem.gcc*)
                0x000001fc                . = ALIGN (0x2)
                0x000001fc                __trampolines_start = .
 *(.trampolines)
 .trampolines   0x000001fc       0x14 linker stubs
 *(.trampolines*)
                0x00000210                __trampolines_end = .
 *libprintf_flt.a:*(.progmem.data)
 .progmem.data  0x00000210        0x8 c:/program files (x86)/atmel/studio/7.0/toolchain/avr8/avr8-gnu-toolchain/bin/../lib/gcc/avr/5.4.0/../../../../avr/lib/avrxmega6\libprintf_flt.a(vfprintf_flt.o)
 *libc.a:*(.progmem.data)
 .progmem.data  0x00000218       0xfa c:/program files (x86)/atmel/studio/7.0/toolchain/avr8/avr8-gnu-toolchain/bin/../lib/gcc/avr/5.4.0/../../../../avr/lib/avrxmega6\libc.a(ftoa_engine.o)
 *(.progmem*)
                0x00000312                . = ALIGN (0x2)
 *(.jumptables)
 *(.jumptables*)
 *(.lowtext)
 *(.lowtext*)
                0x00000312                __ctors_start = .
 *(.ctors)
                0x00000312                __ctors_end = .
                0x00000312                __dtors_start = .
 *(.dtors)
                0x00000312                __dtors_end = .
 SORT(*)(.ctors)
 SORT(*)(.dtors)
 *(.init0)
 .init0         0x00000312        0x0 C:/Program Files (x86)/Atmel/Studio/7.0/Packs/atmel/XMEGAC_DFP/1.1.50/gcc/dev/atxmega384c3/avrxmega6/crtatxmega384c3.o
                0x00000312                __init
 *(.init0)
 *(.init1)
 *(.init1)
 *(.init2)
 .init2         0x00000312       0x10 C:/Program Files (x86)/Atmel/Studio/7.0/Packs/atmel/XMEGAC_DFP/1.1.50/gcc/dev/atxmega384c3/avrxmega6/crtatxmega384c3.o
 *(.init2)
 *(.init3)
 *(.init3)
 *(.init4)
 .init4         0x00000322       0x1a c:/program files (x86)/atmel/studio/7.0/toolchain/avr8/avr8-gnu-toolchain/bin/../lib/gcc/avr/5.4.0/avrxmega6\libgcc.a(_copy_data.o)
                0x00000322                __do_copy_data
 .init4         0x0000033c       0x10 c:/program files (x86)/atmel/studio/7.0/toolchain/avr8/avr8-gnu-toolchain/bin/../lib/gcc/avr/5.4.0/avrxmega6\libgcc.a(_clear_bss.o)
                0x0000033c                __do_clear_bss
 *(.init4)
 *(.init5)
 *(.init5)
 *(.init6)
 *(.init6)
 *(.init7)
 *(.init7)
 *(.init8)
 *(.init8)
 *(.init9)
 .init9         0x0000034c        0x8 C:/Program Files (x86)/Atmel/Studio/7.0/Packs/atmel/XMEGAC_DFP/1.1.50/gcc/dev/atxmega384c3/avrxmega6/crtatxmega384c3.o
 *(.init9)
 *(.text)
 .text          0x00000354        0x4 C:/Program Files (x86)/Atmel/Studio/7.0/Packs/atmel/XMEGAC_DFP/1.1.50/gcc/dev/atxmega384c3/avrxmega6/crtatxmega384c3.o
                0x00000354                __vector_38
                0x00000354                __vector_104
                0x00000354                __vector_22
                0x00000354                __vector_63
                0x00000354                __vector_28
                0x00000354                __vector_67
                0x00000354                __vector_1
                0x00000354                __vector_119
                0x00000354                __vector_32
                0x00000354                __vector_75
                0x00000354                __vector_71
                0x00000354                __vector_91
                0x00000354                __vector_34
                0x00000354                __vector_62
                0x00000354                __vector_77
                0x00000354                __vector_102
                0x00000354                __vector_24
                0x00000354                __vector_12
                0x00000354                __vector_55
                0x00000354                __vector_69
                0x00000354                __vector_81
                0x00000354                __vector_90
                0x00000354                __bad_interrupt
                0x00000354                __vector_122
                0x00000354                __vector_72
                0x00000354                __vector_114
                0x00000354                __vector_6
                0x00000354                __vector_110
                0x00000354                __vector_31
                0x00000354                __vector_92
                0x00000354                __vector_35
                0x00000354                __vector_78
                0x00000354                __vector_74
                0x00000354                __vector_117
                0x00000354                __vector_39
                0x00000354                __vector_107
                0x00000354                __vector_3
                0x00000354                __vector_105
                0x00000354                __vector_98
                0x00000354                __vector_23
                0x00000354                __vector_68
                0x00000354                __vector_30
                0x00000354                __vector_73
                0x00000354                __vector_45
                0x00000354                __vector_25
                0x00000354                __vector_93
                0x00000354                __vector_61
                0x00000354                __vector_11
                0x00000354                __vector_54
                0x00000354                __vector_99
                0x00000354                __vector_13
                0x00000354                __vector_17
                0x00000354                __vector_19
                0x00000354                __vector_56
                0x00000354                __vector_7
                0x00000354                __vector_125
                0x00000354                __vector_49
                0x00000354                __vector_123
                0x00000354                __vector_41
                0x00000354                __vector_86
                0x00000354                __vector_100
                0x00000354                __vector_101
                0x00000354                __vector_64
                0x00000354                __vector_88
                0x00000354                __vector_109
                0x00000354                __vector_43
                0x00000354                __vector_27
                0x00000354                __vector_5
                0x00000354                __vector_113
                0x00000354                __vector_33
                0x00000354                __vector_76
                0x00000354                __vector_115
                0x00000354                __vector_47
                0x00000354                __vector_52
                0x00000354                __vector_37
                0x00000354                __vector_95
                0x00000354                __vector_103
                0x00000354                __vector_96
                0x00000354                __vector_89
                0x00000354                __vector_108
                0x00000354                __vector_4
                0x00000354                __vector_44
                0x00000354                __vector_82
                0x00000354                __vector_106
                0x00000354                __vector_118
                0x00000354                __vector_51
                0x00000354                __vector_9
                0x00000354                __vector_2
                0x00000354                __vector_21
                0x00000354                __vector_15
                0x00000354                __vector_66
                0x00000354                __vector_36
                0x00000354                __vector_79
                0x00000354                __vector_58
                0x00000354                __vector_70
                0x00000354                __vector_83
                0x00000354                __vector_29
                0x00000354                __vector_60
                0x00000354                __vector_121
                0x00000354                __vector_40
                0x00000354                __vector_85
                0x00000354                __vector_94
                0x00000354                __vector_126
                0x00000354                __vector_8
                0x00000354                __vector_26
                0x00000354                __vector_48
                0x00000354                __vector_124
                0x00000354                __vector_116
                0x00000354                __vector_112
                0x00000354                __vector_111
                0x00000354                __vector_80
                0x00000354                __vector_84
                0x00000354                __vector_57
                0x00000354                __vector_53
                0x00000354                __vector_10
                0x00000354                __vector_50
                0x00000354                __vector_59
                0x00000354                __vector_18
                0x00000354                __vector_97
                0x00000354                __vector_20
                0x00000354                __vector_42
                0x00000354                __vector_87
                0x00000354                __vector_65
                0x00000354                __vector_120
                0x00000358                . = ALIGN (0x2)
 *(.text.*)
 .text.DbgPrint
                0x00000358       0x3e Drivers/DriverDbgUSART.o
                0x00000358                DbgPrint
 .text.DbgPrintn
                0x00000396       0x4a Drivers/DriverDbgUSART.o
                0x00000396                DbgPrintn
 .text.DbgPrintInt
                0x000003e0       0xbc Drivers/DriverDbgUSART.o
                0x000003e0                DbgPrintInt
 .text.DriverSysClkXtalInit
                0x0000049c       0x36 Drivers/DriverSysClk.o
                0x0000049c                DriverSysClkXtalInit
 .text.TWIMWriteHandler
                0x000004d2       0x5a Drivers/DriverTWIMaster.o
                0x000004d2                TWIMWriteHandler
 .text.TWIMReadHandler
                0x0000052c       0x5e Drivers/DriverTWIMaster.o
                0x0000052c                TWIMReadHandler
 .text.__vector_46
                0x0000058a       0x82 Drivers/DriverTWIMaster.o
                0x0000058a                __vector_46
 .text.stdio_putchar
                0x0000060c       0x18 Drivers/DriverUSART.o
 .text.stdio_getchar
                0x00000624       0x10 Drivers/DriverUSART.o
 .text.DriverUSARTInit
                0x00000634       0x34 Drivers/DriverUSART.o
                0x00000634                DriverUSARTInit
 .text.pvPortMalloc
                0x00000668      0x13e FreeRTOS/heap_2.o
                0x00000668                pvPortMalloc
 .text.vPortFree
                0x000007a6       0x56 FreeRTOS/heap_2.o
                0x000007a6                vPortFree
 .text.vListInitialise
                0x000007fc       0x1c FreeRTOS/list.o
                0x000007fc                vListInitialise
 .text.vListInitialiseItem
                0x00000818        0x8 FreeRTOS/list.o
                0x00000818                vListInitialiseItem
 .text.vListInsertEnd
                0x00000820       0x42 FreeRTOS/list.o
                0x00000820                vListInsertEnd
 .text.vListInsert
                0x00000862       0x62 FreeRTOS/list.o
                0x00000862                vListInsert
 .text.uxListRemove
                0x000008c4       0x4c FreeRTOS/list.o
                0x000008c4                uxListRemove
 .text.pxPortInitialiseStack
                0x00000910       0xdc FreeRTOS/port.o
                0x00000910                pxPortInitialiseStack
 .text.xPortStartScheduler
                0x000009ec       0x7a FreeRTOS/port.o
                0x000009ec                xPortStartScheduler
 .text.vPortYield
                0x00000a66       0xb2 FreeRTOS/port.o
                0x00000a66                vPortYield
 .text.__vector_14
                0x00000b18       0xe6 FreeRTOS/port.o
                0x00000b18                __vector_14
 .text.vConfigureTimerForRunTimeStats
                0x00000bfe        0x2 FreeRTOS/port.o
                0x00000bfe                vConfigureTimerForRunTimeStats
 .text.__vector_16
                0x00000c00       0xbe FreeRTOS/port.o
                0x00000c00                __vector_16
 .text.prvIdleTask
                0x00000cbe       0x5c FreeRTOS/tasks.o
 .text.prvResetNextTaskUnblockTime.part.0
                0x00000d1a       0x22 FreeRTOS/tasks.o
 .text.prvAddCurrentTaskToDelayedList
                0x00000d3c       0xb8 FreeRTOS/tasks.o
 .text.vTaskSwitchContext.part.5
                0x00000df4      0x184 FreeRTOS/tasks.o
 .text.xTaskCreate
                0x00000f78      0x26c FreeRTOS/tasks.o
                0x00000f78                xTaskCreate
 .text.vTaskStartScheduler
                0x000011e4       0x6e FreeRTOS/tasks.o
                0x000011e4                vTaskStartScheduler
 .text.vTaskSuspendAll
                0x00001252        0xc FreeRTOS/tasks.o
                0x00001252                vTaskSuspendAll
 .text.xTaskIncrementTick
                0x0000125e      0x1b4 FreeRTOS/tasks.o
                0x0000125e                xTaskIncrementTick
 .text.xTaskResumeAll
                0x00001412      0x11e FreeRTOS/tasks.o
                0x00001412                xTaskResumeAll
 .text.vTaskDelay
                0x00001530       0x4a FreeRTOS/tasks.o
                0x00001530                vTaskDelay
 .text.vTaskSwitchContext
                0x0000157a       0x14 FreeRTOS/tasks.o
                0x0000157a                vTaskSwitchContext
 .text.vApplicationIdleHook
                0x0000158e        0x2 hooks.o
                0x0000158e                vApplicationIdleHook
 .text.vApplicationMallocFailedHook
                0x00001590       0x3e hooks.o
                0x00001590                vApplicationMallocFailedHook
 .text.vApplicationStackOverflowHook
                0x000015ce       0x54 hooks.o
                0x000015ce                vApplicationStackOverflowHook
 .text.vAssertCalled
                0x00001622       0x64 hooks.o
                0x00001622                vAssertCalled
 .text.startup.main
                0x00001686       0x50 main.o
                0x00001686                main
 .text.WorkerSendTask
                0x000016d6        0x2 Tasks/transfertask.o
                0x000016d6                WorkerSendTask
 .text.WorkerReceiveTask
                0x000016d8       0x52 Tasks/transfertask.o
                0x000016d8                WorkerReceiveTask
 .text.InitTransferTasks
                0x0000172a       0x3e Tasks/transfertask.o
                0x0000172a                InitTransferTasks
 .text.DriverPowerInit
                0x00001768        0x8 ../Drivers\libDriverPower.a(DriverPower.o)
                0x00001768                DriverPowerInit
 .text.DriverPowerVccAuxSet
                0x00001770       0x14 ../Drivers\libDriverPower.a(DriverPower.o)
                0x00001770                DriverPowerVccAuxSet
 .text.avr-libc
                0x00001784      0x740 c:/program files (x86)/atmel/studio/7.0/toolchain/avr8/avr8-gnu-toolchain/bin/../lib/gcc/avr/5.4.0/../../../../avr/lib/avrxmega6\libprintf_flt.a(vfprintf_flt.o)
                0x00001784                vfprintf
 .text.libgcc.div
                0x00001ec4       0x28 c:/program files (x86)/atmel/studio/7.0/toolchain/avr8/avr8-gnu-toolchain/bin/../lib/gcc/avr/5.4.0/avrxmega6\libgcc.a(_udivmodhi4.o)
                0x00001ec4                __udivmodhi4
 .text.libgcc.div
                0x00001eec       0x28 c:/program files (x86)/atmel/studio/7.0/toolchain/avr8/avr8-gnu-toolchain/bin/../lib/gcc/avr/5.4.0/avrxmega6\libgcc.a(_divmodhi4.o)
                0x00001eec                _div
                0x00001eec                __divmodhi4
 .text.libgcc.mul
                0x00001f14       0x1e c:/program files (x86)/atmel/studio/7.0/toolchain/avr8/avr8-gnu-toolchain/bin/../lib/gcc/avr/5.4.0/avrxmega6\libgcc.a(_umulhisi3.o)
                0x00001f14                __umulhisi3
 .text.avr-libc
                0x00001f32      0x242 c:/program files (x86)/atmel/studio/7.0/toolchain/avr8/avr8-gnu-toolchain/bin/../lib/gcc/avr/5.4.0/../../../../avr/lib/avrxmega6\libc.a(malloc.o)
                0x00001f32                malloc
                0x00002062                free
 .text.avr-libc
                0x00002174      0x1b0 c:/program files (x86)/atmel/studio/7.0/toolchain/avr8/avr8-gnu-toolchain/bin/../lib/gcc/avr/5.4.0/../../../../avr/lib/avrxmega6\libc.a(ftoa_engine.o)
                0x00002174                __ftoa_engine
 .text.avr-libc
                0x00002324       0x16 c:/program files (x86)/atmel/studio/7.0/toolchain/avr8/avr8-gnu-toolchain/bin/../lib/gcc/avr/5.4.0/../../../../avr/lib/avrxmega6\libc.a(strnlen_P.o)
                0x00002324                strnlen_P
 .text.avr-libc
                0x0000233a        0xe c:/program files (x86)/atmel/studio/7.0/toolchain/avr8/avr8-gnu-toolchain/bin/../lib/gcc/avr/5.4.0/../../../../avr/lib/avrxmega6\libc.a(memset.o)
                0x0000233a                memset
 .text.avr-libc
                0x00002348       0x16 c:/program files (x86)/atmel/studio/7.0/toolchain/avr8/avr8-gnu-toolchain/bin/../lib/gcc/avr/5.4.0/../../../../avr/lib/avrxmega6\libc.a(strnlen.o)
                0x00002348                strnlen
 .text.avr-libc
                0x0000235e       0x78 c:/program files (x86)/atmel/studio/7.0/toolchain/avr8/avr8-gnu-toolchain/bin/../lib/gcc/avr/5.4.0/../../../../avr/lib/avrxmega6\libc.a(fputc.o)
                0x0000235e                fputc
 .text.avr-libc
                0x000023d6       0x28 c:/program files (x86)/atmel/studio/7.0/toolchain/avr8/avr8-gnu-toolchain/bin/../lib/gcc/avr/5.4.0/../../../../avr/lib/avrxmega6\libc.a(printf.o)
                0x000023d6                printf
 .text.avr-libc
                0x000023fe       0xbc c:/program files (x86)/atmel/studio/7.0/toolchain/avr8/avr8-gnu-toolchain/bin/../lib/gcc/avr/5.4.0/../../../../avr/lib/avrxmega6\libc.a(ultoa_invert.o)
                0x000023fe                __ultoa_invert
                0x000024ba                . = ALIGN (0x2)
 *(.fini9)
 .fini9         0x000024ba        0x0 c:/program files (x86)/atmel/studio/7.0/toolchain/avr8/avr8-gnu-toolchain/bin/../lib/gcc/avr/5.4.0/avrxmega6\libgcc.a(_exit.o)
                0x000024ba                _exit
                0x000024ba                exit
 *(.fini9)
 *(.fini8)
 *(.fini8)
 *(.fini7)
 *(.fini7)
 *(.fini6)
 *(.fini6)
 *(.fini5)
 *(.fini5)
 *(.fini4)
 *(.fini4)
 *(.fini3)
 *(.fini3)
 *(.fini2)
 *(.fini2)
 *(.fini1)
 *(.fini1)
 *(.fini0)
 .fini0         0x000024ba        0x4 c:/program files (x86)/atmel/studio/7.0/toolchain/avr8/avr8-gnu-toolchain/bin/../lib/gcc/avr/5.4.0/avrxmega6\libgcc.a(_exit.o)
 *(.fini0)
                0x000024be                _etext = .

.data           0x00802000       0xde load address 0x000024be
                0x00802000                PROVIDE (__data_start, .)
 *(.data)
 .data          0x00802000        0x6 c:/program files (x86)/atmel/studio/7.0/toolchain/avr8/avr8-gnu-toolchain/bin/../lib/gcc/avr/5.4.0/../../../../avr/lib/avrxmega6\libc.a(malloc.o)
                0x00802000                __malloc_heap_end
                0x00802002                __malloc_heap_start
                0x00802004                __malloc_margin
 *(.data*)
 .data.UsartStdio
                0x00802006        0xe Drivers/DriverUSART.o
 .data.xFreeBytesRemaining
                0x00802014        0x2 FreeRTOS/heap_2.o
 *(.gnu.linkonce.d*)
 *(.rodata)
 *(.rodata*)
 .rodata.str1.1
                0x00802016       0x43 FreeRTOS/tasks.o
 .rodata.str1.1
                0x00802059       0x55 hooks.o
                                 0x58 (size before relaxing)
 .rodata.str1.1
                0x008020ae       0x2f Tasks/transfertask.o
 *(.gnu.linkonce.r*)
                0x008020de                . = ALIGN (0x2)
 *fill*         0x008020dd        0x1 
                0x008020de                _edata = .
                0x008020de                PROVIDE (__data_end, .)

.bss            0x008020de       0xcc
                0x008020de                PROVIDE (__bss_start, .)
 *(.bss)
 *(.bss*)
 .bss.pf.3635   0x008020de        0x1 Drivers/DriverDbgUSART.o
 .bss.i.3634    0x008020df        0x2 Drivers/DriverDbgUSART.o
 .bss.i.3624    0x008020e1        0x2 Drivers/DriverDbgUSART.o
 .bss.Twim_status
                0x008020e3        0x1 Drivers/DriverTWIMaster.o
 .bss.Twim_bytesRead
                0x008020e4        0x1 Drivers/DriverTWIMaster.o
 .bss.Twim_bytesWritten
                0x008020e5        0x1 Drivers/DriverTWIMaster.o
 .bss.Twim_bytesToRead
                0x008020e6        0x1 Drivers/DriverTWIMaster.o
 .bss.Twim_bytesToWrite
                0x008020e7        0x1 Drivers/DriverTWIMaster.o
 .bss.Twim_readData
                0x008020e8        0x2 Drivers/DriverTWIMaster.o
 .bss.Twim_writeData
                0x008020ea        0x2 Drivers/DriverTWIMaster.o
 .bss.Twim_address
                0x008020ec        0x1 Drivers/DriverTWIMaster.o
 .bss.xHeapHasBeenInitialised.4125
                0x008020ed        0x1 FreeRTOS/heap_2.o
 .bss.xEnd      0x008020ee        0x4 FreeRTOS/heap_2.o
 .bss.xStart    0x008020f2        0x4 FreeRTOS/heap_2.o
 .bss.ulTaskSwitchedInTime
                0x008020f6        0x4 FreeRTOS/tasks.o
 .bss.uxSchedulerSuspended
                0x008020fa        0x1 FreeRTOS/tasks.o
 .bss.xIdleTaskHandle
                0x008020fb        0x2 FreeRTOS/tasks.o
 .bss.xNextTaskUnblockTime
                0x008020fd        0x2 FreeRTOS/tasks.o
 .bss.uxTaskNumber
                0x008020ff        0x1 FreeRTOS/tasks.o
 .bss.xNumOfOverflows
                0x00802100        0x1 FreeRTOS/tasks.o
 .bss.xYieldPending
                0x00802101        0x1 FreeRTOS/tasks.o
 .bss.uxPendedTicks
                0x00802102        0x1 FreeRTOS/tasks.o
 .bss.xSchedulerRunning
                0x00802103        0x1 FreeRTOS/tasks.o
 .bss.uxTopReadyPriority
                0x00802104        0x1 FreeRTOS/tasks.o
 .bss.xTickCount
                0x00802105        0x2 FreeRTOS/tasks.o
 .bss.uxCurrentNumberOfTasks
                0x00802107        0x1 FreeRTOS/tasks.o
 .bss.xSuspendedTaskList
                0x00802108        0x9 FreeRTOS/tasks.o
 .bss.uxDeletedTasksWaitingCleanUp
                0x00802111        0x1 FreeRTOS/tasks.o
 .bss.xTasksWaitingTermination
                0x00802112        0x9 FreeRTOS/tasks.o
 .bss.xPendingReadyList
                0x0080211b        0x9 FreeRTOS/tasks.o
 .bss.pxOverflowDelayedTaskList
                0x00802124        0x2 FreeRTOS/tasks.o
 .bss.pxDelayedTaskList
                0x00802126        0x2 FreeRTOS/tasks.o
 .bss.xDelayedTaskList2
                0x00802128        0x9 FreeRTOS/tasks.o
 .bss.xDelayedTaskList1
                0x00802131        0x9 FreeRTOS/tasks.o
 .bss.pxReadyTasksLists
                0x0080213a       0x5a FreeRTOS/tasks.o
 .bss.pxCurrentTCB
                0x00802194        0x2 FreeRTOS/tasks.o
                0x00802194                pxCurrentTCB
 .bss.Data      0x00802196        0x4 Tasks/transfertask.o
 *(COMMON)
 COMMON         0x0080219a        0x4 FreeRTOS/port.o
                0x0080219a                StatsTimer
 COMMON         0x0080219e        0x2 main.o
                0x0080219e                ucHeap
 COMMON         0x008021a0        0x4 c:/program files (x86)/atmel/studio/7.0/toolchain/avr8/avr8-gnu-toolchain/bin/../lib/gcc/avr/5.4.0/../../../../avr/lib/avrxmega6\libc.a(malloc.o)
                0x008021a0                __brkval
                0x008021a2                __flp
 COMMON         0x008021a4        0x6 c:/program files (x86)/atmel/studio/7.0/toolchain/avr8/avr8-gnu-toolchain/bin/../lib/gcc/avr/5.4.0/../../../../avr/lib/avrxmega6\libc.a(iob.o)
                0x008021a4                __iob
                0x008021aa                PROVIDE (__bss_end, .)
                0x000024be                __data_load_start = LOADADDR (.data)
                0x0000259c                __data_load_end = (__data_load_start + SIZEOF (.data))

.noinit         0x008021aa        0x0
                [!provide]                PROVIDE (__noinit_start, .)
 *(.noinit*)
                [!provide]                PROVIDE (__noinit_end, .)
                0x008021aa                _end = .
                0x008021aa                PROVIDE (__heap_start, .)

.eeprom         0x00810000        0x0
 *(.eeprom*)
                0x00810000                __eeprom_end = .

.fuse
 *(.fuse)
 *(.lfuse)
 *(.hfuse)
 *(.efuse)

.lock
 *(.lock*)

.signature
 *(.signature*)

.user_signatures
 *(.user_signatures*)

.stab
 *(.stab)

.stabstr
 *(.stabstr)

.stab.excl
 *(.stab.excl)

.stab.exclstr
 *(.stab.exclstr)

.stab.index
 *(.stab.index)

.stab.indexstr
 *(.stab.indexstr)

.comment        0x00000000       0x8c
 *(.comment)
 .comment       0x00000000       0x30 Drivers/DriverDbgUSART.o
                                 0x31 (size before relaxing)
 .comment       0x00000030       0x31 Drivers/DriverSysClk.o
 .comment       0x00000030       0x31 Drivers/DriverTWIMaster.o
 .comment       0x00000030       0x31 Drivers/DriverUSART.o
 .comment       0x00000030       0x31 FreeRTOS/heap_2.o
 .comment       0x00000030       0x31 FreeRTOS/list.o
 .comment       0x00000030       0x31 FreeRTOS/port.o
 .comment       0x00000030       0x31 FreeRTOS/tasks.o
 .comment       0x00000030       0x31 hooks.o
 .comment       0x00000030       0x31 main.o
 .comment       0x00000030       0x31 Tasks/transfertask.o
 .comment       0x00000030       0x30 ../Drivers\libDriverPower.a(DriverPower.o)
                                 0x31 (size before relaxing)
 .comment       0x00000060       0x2c c:/program files (x86)/atmel/studio/7.0/toolchain/avr8/avr8-gnu-toolchain/bin/../lib/gcc/avr/5.4.0/../../../../avr/lib/avrxmega6\libprintf_flt.a(vfprintf_flt.o)
                                 0x2d (size before relaxing)
 .comment       0x0000008c       0x31 c:/program files (x86)/atmel/studio/7.0/toolchain/avr8/avr8-gnu-toolchain/bin/../lib/gcc/avr/5.4.0/../../../../avr/lib/avrxmega6\libc.a(malloc.o)
 .comment       0x0000008c       0x31 c:/program files (x86)/atmel/studio/7.0/toolchain/avr8/avr8-gnu-toolchain/bin/../lib/gcc/avr/5.4.0/../../../../avr/lib/avrxmega6\libc.a(fputc.o)
 .comment       0x0000008c       0x31 c:/program files (x86)/atmel/studio/7.0/toolchain/avr8/avr8-gnu-toolchain/bin/../lib/gcc/avr/5.4.0/../../../../avr/lib/avrxmega6\libc.a(iob.o)
 .comment       0x0000008c       0x31 c:/program files (x86)/atmel/studio/7.0/toolchain/avr8/avr8-gnu-toolchain/bin/../lib/gcc/avr/5.4.0/../../../../avr/lib/avrxmega6\libc.a(printf.o)

.note.gnu.avr.deviceinfo
                0x00000000       0x40
 .note.gnu.avr.deviceinfo
                0x00000000       0x40 C:/Program Files (x86)/Atmel/Studio/7.0/Packs/atmel/XMEGAC_DFP/1.1.50/gcc/dev/atxmega384c3/avrxmega6/crtatxmega384c3.o

.note.gnu.build-id
 *(.note.gnu.build-id)

.debug
 *(.debug)

.line
 *(.line)

.debug_srcinfo
 *(.debug_srcinfo)

.debug_sfnames
 *(.debug_sfnames)

.debug_aranges  0x00000000      0x428
 *(.debug_aranges)
 .debug_aranges
                0x00000000       0x30 Drivers/DriverDbgUSART.o
 .debug_aranges
                0x00000030       0x20 Drivers/DriverSysClk.o
 .debug_aranges
                0x00000050       0x60 Drivers/DriverTWIMaster.o
 .debug_aranges
                0x000000b0       0x30 Drivers/DriverUSART.o
 .debug_aranges
                0x000000e0       0x38 FreeRTOS/heap_2.o
 .debug_aranges
                0x00000118       0x40 FreeRTOS/list.o
 .debug_aranges
                0x00000158       0x50 FreeRTOS/port.o
 .debug_aranges
                0x000001a8      0x1d0 FreeRTOS/tasks.o
 .debug_aranges
                0x00000378       0x38 hooks.o
 .debug_aranges
                0x000003b0       0x20 main.o
 .debug_aranges
                0x000003d0       0x30 Tasks/transfertask.o
 .debug_aranges
                0x00000400       0x28 ../Drivers\libDriverPower.a(DriverPower.o)

.debug_pubnames
 *(.debug_pubnames)

.debug_info     0x00000000     0x8bd1
 *(.debug_info .gnu.linkonce.wi.*)
 .debug_info    0x00000000     0x2a76 C:/Program Files (x86)/Atmel/Studio/7.0/Packs/atmel/XMEGAC_DFP/1.1.50/gcc/dev/atxmega384c3/avrxmega6/crtatxmega384c3.o
 .debug_info    0x00002a76      0x234 Drivers/DriverDbgUSART.o
 .debug_info    0x00002caa      0x1a9 Drivers/DriverSysClk.o
 .debug_info    0x00002e53      0x895 Drivers/DriverTWIMaster.o
 .debug_info    0x000036e8      0x41c Drivers/DriverUSART.o
 .debug_info    0x00003b04      0x34b FreeRTOS/heap_2.o
 .debug_info    0x00003e4f      0x2d8 FreeRTOS/list.o
 .debug_info    0x00004127      0x838 FreeRTOS/port.o
 .debug_info    0x0000495f     0x358d FreeRTOS/tasks.o
 .debug_info    0x00007eec      0x59f hooks.o
 .debug_info    0x0000848b      0x312 main.o
 .debug_info    0x0000879d      0x1f3 Tasks/transfertask.o
 .debug_info    0x00008990      0x241 ../Drivers\libDriverPower.a(DriverPower.o)

.debug_abbrev   0x00000000     0x3b5c
 *(.debug_abbrev)
 .debug_abbrev  0x00000000     0x2836 C:/Program Files (x86)/Atmel/Studio/7.0/Packs/atmel/XMEGAC_DFP/1.1.50/gcc/dev/atxmega384c3/avrxmega6/crtatxmega384c3.o
 .debug_abbrev  0x00002836      0x14c Drivers/DriverDbgUSART.o
 .debug_abbrev  0x00002982       0x94 Drivers/DriverSysClk.o
 .debug_abbrev  0x00002a16      0x213 Drivers/DriverTWIMaster.o
 .debug_abbrev  0x00002c29      0x147 Drivers/DriverUSART.o
 .debug_abbrev  0x00002d70      0x1db FreeRTOS/heap_2.o
 .debug_abbrev  0x00002f4b       0xff FreeRTOS/list.o
 .debug_abbrev  0x0000304a      0x1d3 FreeRTOS/port.o
 .debug_abbrev  0x0000321d      0x4ac FreeRTOS/tasks.o
 .debug_abbrev  0x000036c9      0x189 hooks.o
 .debug_abbrev  0x00003852      0x151 main.o
 .debug_abbrev  0x000039a3      0x100 Tasks/transfertask.o
 .debug_abbrev  0x00003aa3       0xb9 ../Drivers\libDriverPower.a(DriverPower.o)

.debug_line     0x00000000     0x349d
 *(.debug_line .debug_line.* .debug_line_end)
 .debug_line    0x00000000      0x39d C:/Program Files (x86)/Atmel/Studio/7.0/Packs/atmel/XMEGAC_DFP/1.1.50/gcc/dev/atxmega384c3/avrxmega6/crtatxmega384c3.o
 .debug_line    0x0000039d      0x205 Drivers/DriverDbgUSART.o
 .debug_line    0x000005a2      0x145 Drivers/DriverSysClk.o
 .debug_line    0x000006e7      0x34b Drivers/DriverTWIMaster.o
 .debug_line    0x00000a32      0x19b Drivers/DriverUSART.o
 .debug_line    0x00000bcd      0x2a7 FreeRTOS/heap_2.o
 .debug_line    0x00000e74      0x1d6 FreeRTOS/list.o
 .debug_line    0x0000104a      0x342 FreeRTOS/port.o
 .debug_line    0x0000138c     0x1953 FreeRTOS/tasks.o
 .debug_line    0x00002cdf      0x2c4 hooks.o
 .debug_line    0x00002fa3      0x29b main.o
 .debug_line    0x0000323e      0x131 Tasks/transfertask.o
 .debug_line    0x0000336f      0x12e ../Drivers\libDriverPower.a(DriverPower.o)

.debug_frame    0x00000000      0xc3c
 *(.debug_frame)
 .debug_frame   0x00000000       0x6c Drivers/DriverDbgUSART.o
 .debug_frame   0x0000006c       0x24 Drivers/DriverSysClk.o
 .debug_frame   0x00000090      0x104 Drivers/DriverTWIMaster.o
 .debug_frame   0x00000194       0x44 Drivers/DriverUSART.o
 .debug_frame   0x000001d8       0x74 FreeRTOS/heap_2.o
 .debug_frame   0x0000024c       0x88 FreeRTOS/list.o
 .debug_frame   0x000002d4       0x94 FreeRTOS/port.o
 .debug_frame   0x00000368      0x7bc FreeRTOS/tasks.o
 .debug_frame   0x00000b24       0x54 hooks.o
 .debug_frame   0x00000b78       0x24 main.o
 .debug_frame   0x00000b9c       0x6c Tasks/transfertask.o
 .debug_frame   0x00000c08       0x34 ../Drivers\libDriverPower.a(DriverPower.o)

.debug_str      0x00000000     0x3928
 *(.debug_str)
 .debug_str     0x00000000     0x1be5 C:/Program Files (x86)/Atmel/Studio/7.0/Packs/atmel/XMEGAC_DFP/1.1.50/gcc/dev/atxmega384c3/avrxmega6/crtatxmega384c3.o
 .debug_str     0x00001be5      0x228 Drivers/DriverDbgUSART.o
                                0x279 (size before relaxing)
 .debug_str     0x00001e0d       0xa7 Drivers/DriverSysClk.o
                                0x28b (size before relaxing)
 .debug_str     0x00001eb4      0x459 Drivers/DriverTWIMaster.o
                                0x68d (size before relaxing)
 .debug_str     0x0000230d       0x80 Drivers/DriverUSART.o
                                0x375 (size before relaxing)
 .debug_str     0x0000238d      0x197 FreeRTOS/heap_2.o
                                0x375 (size before relaxing)
 .debug_str     0x00002524      0x13c FreeRTOS/list.o
                                0x318 (size before relaxing)
 .debug_str     0x00002660      0x3b7 FreeRTOS/port.o
                                0x5de (size before relaxing)
 .debug_str     0x00002a17      0xd51 FreeRTOS/tasks.o
                               0x145b (size before relaxing)
 .debug_str     0x00003768       0x59 hooks.o
                                0x3b1 (size before relaxing)
 .debug_str     0x000037c1       0xe7 main.o
                                0x393 (size before relaxing)
 .debug_str     0x000038a8       0x39 Tasks/transfertask.o
                                0x252 (size before relaxing)
 .debug_str     0x000038e1       0x47 ../Drivers\libDriverPower.a(DriverPower.o)
                                0x276 (size before relaxing)

.debug_loc      0x00000000     0x4c82
 *(.debug_loc)
 .debug_loc     0x00000000      0x19a Drivers/DriverDbgUSART.o
 .debug_loc     0x0000019a      0x3d6 Drivers/DriverTWIMaster.o
 .debug_loc     0x00000570       0x2e Drivers/DriverUSART.o
 .debug_loc     0x0000059e      0x308 FreeRTOS/heap_2.o
 .debug_loc     0x000008a6      0x151 FreeRTOS/list.o
 .debug_loc     0x000009f7      0x28d FreeRTOS/port.o
 .debug_loc     0x00000c84     0x3d34 FreeRTOS/tasks.o
 .debug_loc     0x000049b8      0x176 hooks.o
 .debug_loc     0x00004b2e       0x48 main.o
 .debug_loc     0x00004b76       0xd2 Tasks/transfertask.o
 .debug_loc     0x00004c48       0x3a ../Drivers\libDriverPower.a(DriverPower.o)

.debug_macinfo
 *(.debug_macinfo)

.debug_weaknames
 *(.debug_weaknames)

.debug_funcnames
 *(.debug_funcnames)

.debug_typenames
 *(.debug_typenames)

.debug_varnames
 *(.debug_varnames)

.debug_pubtypes
 *(.debug_pubtypes)

.debug_ranges   0x00000000      0x5c8
 *(.debug_ranges)
 .debug_ranges  0x00000000       0x20 Drivers/DriverDbgUSART.o
 .debug_ranges  0x00000020       0x10 Drivers/DriverSysClk.o
 .debug_ranges  0x00000030       0x50 Drivers/DriverTWIMaster.o
 .debug_ranges  0x00000080       0x20 Drivers/DriverUSART.o
 .debug_ranges  0x000000a0       0x28 FreeRTOS/heap_2.o
 .debug_ranges  0x000000c8       0x30 FreeRTOS/list.o
 .debug_ranges  0x000000f8       0x40 FreeRTOS/port.o
 .debug_ranges  0x00000138      0x420 FreeRTOS/tasks.o
 .debug_ranges  0x00000558       0x28 hooks.o
 .debug_ranges  0x00000580       0x10 main.o
 .debug_ranges  0x00000590       0x20 Tasks/transfertask.o
 .debug_ranges  0x000005b0       0x18 ../Drivers\libDriverPower.a(DriverPower.o)

.debug_macro
 *(.debug_macro)
OUTPUT(Linebot.elf elf32-avr)
LOAD linker stubs
